Archive member included to satisfy reference by file (symbol)

c:/st/stm32cubeide_1.11.0/stm32cubeide/plugins/com.st.stm32cube.ide.mcu.externaltools.gnu-tools-for-stm32.10.3-2021.10.win32_1.0.100.202210260954/tools/bin/../lib/gcc/arm-none-eabi/10.3.1/../../../../arm-none-eabi/lib/thumb/v7e-m+fp/hard\libc_nano.a(lib_a-errno.o)
                              ./Core/Src/syscalls.o (__errno)
c:/st/stm32cubeide_1.11.0/stm32cubeide/plugins/com.st.stm32cube.ide.mcu.externaltools.gnu-tools-for-stm32.10.3-2021.10.win32_1.0.100.202210260954/tools/bin/../lib/gcc/arm-none-eabi/10.3.1/../../../../arm-none-eabi/lib/thumb/v7e-m+fp/hard\libc_nano.a(lib_a-exit.o)
                              c:/st/stm32cubeide_1.11.0/stm32cubeide/plugins/com.st.stm32cube.ide.mcu.externaltools.gnu-tools-for-stm32.10.3-2021.10.win32_1.0.100.202210260954/tools/bin/../lib/gcc/arm-none-eabi/10.3.1/../../../../arm-none-eabi/lib/thumb/v7e-m+fp/hard/crt0.o (exit)
c:/st/stm32cubeide_1.11.0/stm32cubeide/plugins/com.st.stm32cube.ide.mcu.externaltools.gnu-tools-for-stm32.10.3-2021.10.win32_1.0.100.202210260954/tools/bin/../lib/gcc/arm-none-eabi/10.3.1/../../../../arm-none-eabi/lib/thumb/v7e-m+fp/hard\libc_nano.a(lib_a-impure.o)
                              c:/st/stm32cubeide_1.11.0/stm32cubeide/plugins/com.st.stm32cube.ide.mcu.externaltools.gnu-tools-for-stm32.10.3-2021.10.win32_1.0.100.202210260954/tools/bin/../lib/gcc/arm-none-eabi/10.3.1/../../../../arm-none-eabi/lib/thumb/v7e-m+fp/hard\libc_nano.a(lib_a-exit.o) (_global_impure_ptr)
c:/st/stm32cubeide_1.11.0/stm32cubeide/plugins/com.st.stm32cube.ide.mcu.externaltools.gnu-tools-for-stm32.10.3-2021.10.win32_1.0.100.202210260954/tools/bin/../lib/gcc/arm-none-eabi/10.3.1/../../../../arm-none-eabi/lib/thumb/v7e-m+fp/hard\libc_nano.a(lib_a-init.o)
                              c:/st/stm32cubeide_1.11.0/stm32cubeide/plugins/com.st.stm32cube.ide.mcu.externaltools.gnu-tools-for-stm32.10.3-2021.10.win32_1.0.100.202210260954/tools/bin/../lib/gcc/arm-none-eabi/10.3.1/../../../../arm-none-eabi/lib/thumb/v7e-m+fp/hard/crt0.o (__libc_init_array)
c:/st/stm32cubeide_1.11.0/stm32cubeide/plugins/com.st.stm32cube.ide.mcu.externaltools.gnu-tools-for-stm32.10.3-2021.10.win32_1.0.100.202210260954/tools/bin/../lib/gcc/arm-none-eabi/10.3.1/../../../../arm-none-eabi/lib/thumb/v7e-m+fp/hard\libc_nano.a(lib_a-memcpy-stub.o)
                              ./FreeRTOS/queue.o (memcpy)
c:/st/stm32cubeide_1.11.0/stm32cubeide/plugins/com.st.stm32cube.ide.mcu.externaltools.gnu-tools-for-stm32.10.3-2021.10.win32_1.0.100.202210260954/tools/bin/../lib/gcc/arm-none-eabi/10.3.1/../../../../arm-none-eabi/lib/thumb/v7e-m+fp/hard\libc_nano.a(lib_a-memset.o)
                              c:/st/stm32cubeide_1.11.0/stm32cubeide/plugins/com.st.stm32cube.ide.mcu.externaltools.gnu-tools-for-stm32.10.3-2021.10.win32_1.0.100.202210260954/tools/bin/../lib/gcc/arm-none-eabi/10.3.1/../../../../arm-none-eabi/lib/thumb/v7e-m+fp/hard/crt0.o (memset)
c:/st/stm32cubeide_1.11.0/stm32cubeide/plugins/com.st.stm32cube.ide.mcu.externaltools.gnu-tools-for-stm32.10.3-2021.10.win32_1.0.100.202210260954/tools/bin/../lib/gcc/arm-none-eabi/10.3.1/../../../../arm-none-eabi/lib/thumb/v7e-m+fp/hard\libc_nano.a(lib_a-strcat.o)
                              ./FreeRTOS/tasks.o (strcat)
c:/st/stm32cubeide_1.11.0/stm32cubeide/plugins/com.st.stm32cube.ide.mcu.externaltools.gnu-tools-for-stm32.10.3-2021.10.win32_1.0.100.202210260954/tools/bin/../lib/gcc/arm-none-eabi/10.3.1/../../../../arm-none-eabi/lib/thumb/v7e-m+fp/hard\libc_nano.a(lib_a-strlen.o)
                              ./FreeRTOS/tasks.o (strlen)
c:/st/stm32cubeide_1.11.0/stm32cubeide/plugins/com.st.stm32cube.ide.mcu.externaltools.gnu-tools-for-stm32.10.3-2021.10.win32_1.0.100.202210260954/tools/bin/../lib/gcc/arm-none-eabi/10.3.1/thumb/v7e-m+fp/hard\libgcc.a(_aeabi_uldivmod.o)
                              ./Drivers/STM32F4xx_HAL_Driver/Src/stm32f4xx_hal_rcc.o (__aeabi_uldivmod)
c:/st/stm32cubeide_1.11.0/stm32cubeide/plugins/com.st.stm32cube.ide.mcu.externaltools.gnu-tools-for-stm32.10.3-2021.10.win32_1.0.100.202210260954/tools/bin/../lib/gcc/arm-none-eabi/10.3.1/thumb/v7e-m+fp/hard\libgcc.a(_udivmoddi4.o)
                              c:/st/stm32cubeide_1.11.0/stm32cubeide/plugins/com.st.stm32cube.ide.mcu.externaltools.gnu-tools-for-stm32.10.3-2021.10.win32_1.0.100.202210260954/tools/bin/../lib/gcc/arm-none-eabi/10.3.1/thumb/v7e-m+fp/hard\libgcc.a(_aeabi_uldivmod.o) (__udivmoddi4)
c:/st/stm32cubeide_1.11.0/stm32cubeide/plugins/com.st.stm32cube.ide.mcu.externaltools.gnu-tools-for-stm32.10.3-2021.10.win32_1.0.100.202210260954/tools/bin/../lib/gcc/arm-none-eabi/10.3.1/thumb/v7e-m+fp/hard\libgcc.a(_dvmd_tls.o)
                              c:/st/stm32cubeide_1.11.0/stm32cubeide/plugins/com.st.stm32cube.ide.mcu.externaltools.gnu-tools-for-stm32.10.3-2021.10.win32_1.0.100.202210260954/tools/bin/../lib/gcc/arm-none-eabi/10.3.1/thumb/v7e-m+fp/hard\libgcc.a(_aeabi_uldivmod.o) (__aeabi_ldiv0)

Discarded input sections

[...]
Memory Configuration

Name             Origin             Length             Attributes
CCMRAM           0x0000000010000000 0x0000000000010000 xrw
RAM              0x0000000020000000 0x0000000000020000 xrw
FLASH            0x0000000008000000 0x0000000000100000 xr
*default*        0x0000000000000000 0xffffffffffffffff

Linker script and memory map

LOAD c:/st/stm32cubeide_1.11.0/stm32cubeide/plugins/com.st.stm32cube.ide.mcu.externaltools.gnu-tools-for-stm32.10.3-2021.10.win32_1.0.100.202210260954/tools/bin/../lib/gcc/arm-none-eabi/10.3.1/thumb/v7e-m+fp/hard/crti.o
LOAD c:/st/stm32cubeide_1.11.0/stm32cubeide/plugins/com.st.stm32cube.ide.mcu.externaltools.gnu-tools-for-stm32.10.3-2021.10.win32_1.0.100.202210260954/tools/bin/../lib/gcc/arm-none-eabi/10.3.1/thumb/v7e-m+fp/hard/crtbegin.o
LOAD c:/st/stm32cubeide_1.11.0/stm32cubeide/plugins/com.st.stm32cube.ide.mcu.externaltools.gnu-tools-for-stm32.10.3-2021.10.win32_1.0.100.202210260954/tools/bin/../lib/gcc/arm-none-eabi/10.3.1/../../../../arm-none-eabi/lib/thumb/v7e-m+fp/hard/crt0.o
LOAD ./Core/Src/main.o
LOAD ./Core/Src/stm32f4xx_hal_msp.o
LOAD ./Core/Src/stm32f4xx_hal_timebase_tim.o
LOAD ./Core/Src/stm32f4xx_it.o
LOAD ./Core/Src/syscalls.o
LOAD ./Core/Src/sysmem.o
LOAD ./Core/Src/system_stm32f4xx.o
LOAD ./Core/Startup/startup_stm32f407vgtx.o
LOAD ./Drivers/STM32F4xx_HAL_Driver/Src/stm32f4xx_hal.o
LOAD ./Drivers/STM32F4xx_HAL_Driver/Src/stm32f4xx_hal_cortex.o
LOAD ./Drivers/STM32F4xx_HAL_Driver/Src/stm32f4xx_hal_dma.o
LOAD ./Drivers/STM32F4xx_HAL_Driver/Src/stm32f4xx_hal_dma_ex.o
LOAD ./Drivers/STM32F4xx_HAL_Driver/Src/stm32f4xx_hal_exti.o
LOAD ./Drivers/STM32F4xx_HAL_Driver/Src/stm32f4xx_hal_flash.o
LOAD ./Drivers/STM32F4xx_HAL_Driver/Src/stm32f4xx_hal_flash_ex.o
LOAD ./Drivers/STM32F4xx_HAL_Driver/Src/stm32f4xx_hal_flash_ramfunc.o
LOAD ./Drivers/STM32F4xx_HAL_Driver/Src/stm32f4xx_hal_gpio.o
LOAD ./Drivers/STM32F4xx_HAL_Driver/Src/stm32f4xx_hal_pwr.o
LOAD ./Drivers/STM32F4xx_HAL_Driver/Src/stm32f4xx_hal_pwr_ex.o
LOAD ./Drivers/STM32F4xx_HAL_Driver/Src/stm32f4xx_hal_rcc.o
LOAD ./Drivers/STM32F4xx_HAL_Driver/Src/stm32f4xx_hal_rcc_ex.o
LOAD ./Drivers/STM32F4xx_HAL_Driver/Src/stm32f4xx_hal_tim.o
LOAD ./Drivers/STM32F4xx_HAL_Driver/Src/stm32f4xx_hal_tim_ex.o
LOAD ./Drivers/STM32F4xx_HAL_Driver/Src/stm32f4xx_hal_uart.o
LOAD ./FreeRTOS/croutine.o
LOAD ./FreeRTOS/event_groups.o
LOAD ./FreeRTOS/list.o
LOAD ./FreeRTOS/queue.o
LOAD ./FreeRTOS/stream_buffer.o
LOAD ./FreeRTOS/tasks.o
LOAD ./FreeRTOS/timers.o
LOAD ./FreeRTOS/portable/ARM_CM4F/port.o
LOAD ./FreeRTOS/portable/MemMang/heap_4.o
START GROUP
LOAD c:/st/stm32cubeide_1.11.0/stm32cubeide/plugins/com.st.stm32cube.ide.mcu.externaltools.gnu-tools-for-stm32.10.3-2021.10.win32_1.0.100.202210260954/tools/bin/../lib/gcc/arm-none-eabi/10.3.1/../../../../arm-none-eabi/lib/thumb/v7e-m+fp/hard\libc_nano.a
LOAD c:/st/stm32cubeide_1.11.0/stm32cubeide/plugins/com.st.stm32cube.ide.mcu.externaltools.gnu-tools-for-stm32.10.3-2021.10.win32_1.0.100.202210260954/tools/bin/../lib/gcc/arm-none-eabi/10.3.1/../../../../arm-none-eabi/lib/thumb/v7e-m+fp/hard\libm.a
END GROUP
START GROUP
LOAD c:/st/stm32cubeide_1.11.0/stm32cubeide/plugins/com.st.stm32cube.ide.mcu.externaltools.gnu-tools-for-stm32.10.3-2021.10.win32_1.0.100.202210260954/tools/bin/../lib/gcc/arm-none-eabi/10.3.1/thumb/v7e-m+fp/hard\libgcc.a
LOAD c:/st/stm32cubeide_1.11.0/stm32cubeide/plugins/com.st.stm32cube.ide.mcu.externaltools.gnu-tools-for-stm32.10.3-2021.10.win32_1.0.100.202210260954/tools/bin/../lib/gcc/arm-none-eabi/10.3.1/../../../../arm-none-eabi/lib/thumb/v7e-m+fp/hard\libc_nano.a
END GROUP
START GROUP
LOAD c:/st/stm32cubeide_1.11.0/stm32cubeide/plugins/com.st.stm32cube.ide.mcu.externaltools.gnu-tools-for-stm32.10.3-2021.10.win32_1.0.100.202210260954/tools/bin/../lib/gcc/arm-none-eabi/10.3.1/thumb/v7e-m+fp/hard\libgcc.a
LOAD c:/st/stm32cubeide_1.11.0/stm32cubeide/plugins/com.st.stm32cube.ide.mcu.externaltools.gnu-tools-for-stm32.10.3-2021.10.win32_1.0.100.202210260954/tools/bin/../lib/gcc/arm-none-eabi/10.3.1/../../../../arm-none-eabi/lib/thumb/v7e-m+fp/hard\libc_nano.a
LOAD c:/st/stm32cubeide_1.11.0/stm32cubeide/plugins/com.st.stm32cube.ide.mcu.externaltools.gnu-tools-for-stm32.10.3-2021.10.win32_1.0.100.202210260954/tools/bin/../lib/gcc/arm-none-eabi/10.3.1/../../../../arm-none-eabi/lib/thumb/v7e-m+fp/hard\libnosys.a
END GROUP
START GROUP
LOAD c:/st/stm32cubeide_1.11.0/stm32cubeide/plugins/com.st.stm32cube.ide.mcu.externaltools.gnu-tools-for-stm32.10.3-2021.10.win32_1.0.100.202210260954/tools/bin/../lib/gcc/arm-none-eabi/10.3.1/thumb/v7e-m+fp/hard\libgcc.a
LOAD c:/st/stm32cubeide_1.11.0/stm32cubeide/plugins/com.st.stm32cube.ide.mcu.externaltools.gnu-tools-for-stm32.10.3-2021.10.win32_1.0.100.202210260954/tools/bin/../lib/gcc/arm-none-eabi/10.3.1/../../../../arm-none-eabi/lib/thumb/v7e-m+fp/hard\libc_nano.a
LOAD c:/st/stm32cubeide_1.11.0/stm32cubeide/plugins/com.st.stm32cube.ide.mcu.externaltools.gnu-tools-for-stm32.10.3-2021.10.win32_1.0.100.202210260954/tools/bin/../lib/gcc/arm-none-eabi/10.3.1/../../../../arm-none-eabi/lib/thumb/v7e-m+fp/hard\libnosys.a
END GROUP
LOAD c:/st/stm32cubeide_1.11.0/stm32cubeide/plugins/com.st.stm32cube.ide.mcu.externaltools.gnu-tools-for-stm32.10.3-2021.10.win32_1.0.100.202210260954/tools/bin/../lib/gcc/arm-none-eabi/10.3.1/thumb/v7e-m+fp/hard/crtend.o
LOAD c:/st/stm32cubeide_1.11.0/stm32cubeide/plugins/com.st.stm32cube.ide.mcu.externaltools.gnu-tools-for-stm32.10.3-2021.10.win32_1.0.100.202210260954/tools/bin/../lib/gcc/arm-none-eabi/10.3.1/thumb/v7e-m+fp/hard/crtn.o
                0x0000000020020000                _estack = (ORIGIN (RAM) + LENGTH (RAM))
                0x0000000000000200                _Min_Heap_Size = 0x200
                0x0000000000000400                _Min_Stack_Size = 0x400

.isr_vector     0x0000000008000000      0x188
                0x0000000008000000                . = ALIGN (0x4)
 *(.isr_vector)
 .isr_vector    0x0000000008000000      0x188 ./Core/Startup/startup_stm32f407vgtx.o
                0x0000000008000000                g_pfnVectors
                0x0000000008000188                . = ALIGN (0x4)

.text           0x0000000008000190     0x53e8
                0x0000000008000190                . = ALIGN (0x4)
 *(.text)
 .text          0x0000000008000190       0x40 c:/st/stm32cubeide_1.11.0/stm32cubeide/plugins/com.st.stm32cube.ide.mcu.externaltools.gnu-tools-for-stm32.10.3-2021.10.win32_1.0.100.202210260954/tools/bin/../lib/gcc/arm-none-eabi/10.3.1/thumb/v7e-m+fp/hard/crtbegin.o
 .text          0x00000000080001d0       0x10 c:/st/stm32cubeide_1.11.0/stm32cubeide/plugins/com.st.stm32cube.ide.mcu.externaltools.gnu-tools-for-stm32.10.3-2021.10.win32_1.0.100.202210260954/tools/bin/../lib/gcc/arm-none-eabi/10.3.1/../../../../arm-none-eabi/lib/thumb/v7e-m+fp/hard\libc_nano.a(lib_a-strlen.o)
                0x00000000080001d0                strlen
 .text          0x00000000080001e0       0x30 c:/st/stm32cubeide_1.11.0/stm32cubeide/plugins/com.st.stm32cube.ide.mcu.externaltools.gnu-tools-for-stm32.10.3-2021.10.win32_1.0.100.202210260954/tools/bin/../lib/gcc/arm-none-eabi/10.3.1/thumb/v7e-m+fp/hard\libgcc.a(_aeabi_uldivmod.o)
                0x00000000080001e0                __aeabi_uldivmod
 .text          0x0000000008000210      0x2d0 c:/st/stm32cubeide_1.11.0/stm32cubeide/plugins/com.st.stm32cube.ide.mcu.externaltools.gnu-tools-for-stm32.10.3-2021.10.win32_1.0.100.202210260954/tools/bin/../lib/gcc/arm-none-eabi/10.3.1/thumb/v7e-m+fp/hard\libgcc.a(_udivmoddi4.o)
                0x0000000008000210                __udivmoddi4
 .text          0x00000000080004e0        0x4 c:/st/stm32cubeide_1.11.0/stm32cubeide/plugins/com.st.stm32cube.ide.mcu.externaltools.gnu-tools-for-stm32.10.3-2021.10.win32_1.0.100.202210260954/tools/bin/../lib/gcc/arm-none-eabi/10.3.1/thumb/v7e-m+fp/hard\libgcc.a(_dvmd_tls.o)
                0x00000000080004e0                __aeabi_idiv0
                0x00000000080004e0                __aeabi_ldiv0
 *(.text*)
 .text.TaskMonitor_App
                0x00000000080004e4       0x20 ./Core/Src/main.o
                0x00000000080004e4                TaskMonitor_App
 .text.Red_LED_APP
                0x0000000008000504       0x2c ./Core/Src/main.o
                0x0000000008000504                Red_LED_APP
 .text.Green_LED_APP
                0x0000000008000530       0x2c ./Core/Src/main.o
                0x0000000008000530                Green_LED_APP
 .text.Delay_APP
                0x000000000800055c       0x2c ./Core/Src/main.o
                0x000000000800055c                Delay_APP
 .text.main     0x0000000008000588       0x94 ./Core/Src/main.o
                0x0000000008000588                main
 .text.SystemClock_Config
                0x000000000800061c       0xd4 ./Core/Src/main.o
                0x000000000800061c                SystemClock_Config
 .text.MX_USART2_UART_Init
                0x00000000080006f0       0x54 ./Core/Src/main.o
 .text.MX_GPIO_Init
                0x0000000008000744      0x2bc ./Core/Src/main.o
 .text.HAL_TIM_PeriodElapsedCallback
                0x0000000008000a00       0x24 ./Core/Src/main.o
                0x0000000008000a00                HAL_TIM_PeriodElapsedCallback
 .text.Error_Handler
                0x0000000008000a24        0xa ./Core/Src/main.o
                0x0000000008000a24                Error_Handler
 *fill*         0x0000000008000a2e        0x2 
 .text.HAL_MspInit
                0x0000000008000a30       0x50 ./Core/Src/stm32f4xx_hal_msp.o
                0x0000000008000a30                HAL_MspInit
 .text.HAL_UART_MspInit
                0x0000000008000a80       0x90 ./Core/Src/stm32f4xx_hal_msp.o
                0x0000000008000a80                HAL_UART_MspInit
 .text.HAL_InitTick
                0x0000000008000b10       0xb4 ./Core/Src/stm32f4xx_hal_timebase_tim.o
                0x0000000008000b10                HAL_InitTick
 .text.NMI_Handler
                0x0000000008000bc4        0x6 ./Core/Src/stm32f4xx_it.o
                0x0000000008000bc4                NMI_Handler
 .text.HardFault_Handler
                0x0000000008000bca        0x6 ./Core/Src/stm32f4xx_it.o
                0x0000000008000bca                HardFault_Handler
 .text.MemManage_Handler
                0x0000000008000bd0        0x6 ./Core/Src/stm32f4xx_it.o
                0x0000000008000bd0                MemManage_Handler
 .text.BusFault_Handler
                0x0000000008000bd6        0x6 ./Core/Src/stm32f4xx_it.o
                0x0000000008000bd6                BusFault_Handler
 .text.UsageFault_Handler
                0x0000000008000bdc        0x6 ./Core/Src/stm32f4xx_it.o
                0x0000000008000bdc                UsageFault_Handler
 .text.DebugMon_Handler
                0x0000000008000be2        0xe ./Core/Src/stm32f4xx_it.o
                0x0000000008000be2                DebugMon_Handler
 .text.TIM7_IRQHandler
                0x0000000008000bf0       0x14 ./Core/Src/stm32f4xx_it.o
                0x0000000008000bf0                TIM7_IRQHandler
 .text.SystemInit
                0x0000000008000c04       0x24 ./Core/Src/system_stm32f4xx.o
                0x0000000008000c04                SystemInit
 .text.Reset_Handler
                0x0000000008000c28       0x50 ./Core/Startup/startup_stm32f407vgtx.o
                0x0000000008000c28                Reset_Handler
 .text.Default_Handler
                0x0000000008000c78        0x2 ./Core/Startup/startup_stm32f407vgtx.o
                0x0000000008000c78                RTC_Alarm_IRQHandler
                0x0000000008000c78                HASH_RNG_IRQHandler
                0x0000000008000c78                EXTI2_IRQHandler
                0x0000000008000c78                TIM8_CC_IRQHandler
                0x0000000008000c78                TIM1_CC_IRQHandler
                0x0000000008000c78                DMA2_Stream5_IRQHandler
                0x0000000008000c78                DMA1_Stream5_IRQHandler
                0x0000000008000c78                PVD_IRQHandler
                0x0000000008000c78                SDIO_IRQHandler
                0x0000000008000c78                TAMP_STAMP_IRQHandler
                0x0000000008000c78                CAN2_RX1_IRQHandler
                0x0000000008000c78                EXTI3_IRQHandler
                0x0000000008000c78                TIM8_TRG_COM_TIM14_IRQHandler
                0x0000000008000c78                TIM1_UP_TIM10_IRQHandler
                0x0000000008000c78                TIM8_UP_TIM13_IRQHandler
                0x0000000008000c78                I2C3_ER_IRQHandler
                0x0000000008000c78                EXTI0_IRQHandler
                0x0000000008000c78                I2C2_EV_IRQHandler
                0x0000000008000c78                DMA1_Stream2_IRQHandler
                0x0000000008000c78                CAN1_RX0_IRQHandler
                0x0000000008000c78                FPU_IRQHandler
                0x0000000008000c78                OTG_HS_WKUP_IRQHandler
                0x0000000008000c78                CAN2_SCE_IRQHandler
                0x0000000008000c78                DMA2_Stream2_IRQHandler
                0x0000000008000c78                SPI1_IRQHandler
                0x0000000008000c78                TIM6_DAC_IRQHandler
                0x0000000008000c78                TIM1_BRK_TIM9_IRQHandler
                0x0000000008000c78                DCMI_IRQHandler
                0x0000000008000c78                CAN2_RX0_IRQHandler
                0x0000000008000c78                DMA2_Stream3_IRQHandler
                0x0000000008000c78                USART6_IRQHandler
                0x0000000008000c78                USART3_IRQHandler
                0x0000000008000c78                CAN1_RX1_IRQHandler
                0x0000000008000c78                UART5_IRQHandler
                0x0000000008000c78                DMA2_Stream0_IRQHandler
                0x0000000008000c78                TIM4_IRQHandler
                0x0000000008000c78                I2C1_EV_IRQHandler
                0x0000000008000c78                DMA1_Stream6_IRQHandler
                0x0000000008000c78                DMA1_Stream1_IRQHandler
                0x0000000008000c78                UART4_IRQHandler
                0x0000000008000c78                TIM3_IRQHandler
                0x0000000008000c78                RCC_IRQHandler
                0x0000000008000c78                TIM8_BRK_TIM12_IRQHandler
                0x0000000008000c78                Default_Handler
                0x0000000008000c78                EXTI15_10_IRQHandler
                0x0000000008000c78                ADC_IRQHandler
                0x0000000008000c78                DMA1_Stream7_IRQHandler
                0x0000000008000c78                CAN2_TX_IRQHandler
                0x0000000008000c78                TIM5_IRQHandler
                0x0000000008000c78                DMA2_Stream7_IRQHandler
                0x0000000008000c78                I2C3_EV_IRQHandler
                0x0000000008000c78                EXTI9_5_IRQHandler
                0x0000000008000c78                RTC_WKUP_IRQHandler
                0x0000000008000c78                ETH_WKUP_IRQHandler
                0x0000000008000c78                SPI2_IRQHandler
                0x0000000008000c78                OTG_HS_EP1_IN_IRQHandler
                0x0000000008000c78                DMA1_Stream0_IRQHandler
                0x0000000008000c78                CAN1_TX_IRQHandler
                0x0000000008000c78                EXTI4_IRQHandler
                0x0000000008000c78                FSMC_IRQHandler
                0x0000000008000c78                ETH_IRQHandler
                0x0000000008000c78                OTG_HS_EP1_OUT_IRQHandler
                0x0000000008000c78                WWDG_IRQHandler
                0x0000000008000c78                TIM2_IRQHandler
                0x0000000008000c78                OTG_FS_WKUP_IRQHandler
                0x0000000008000c78                TIM1_TRG_COM_TIM11_IRQHandler
                0x0000000008000c78                OTG_HS_IRQHandler
                0x0000000008000c78                EXTI1_IRQHandler
                0x0000000008000c78                USART2_IRQHandler
                0x0000000008000c78                I2C2_ER_IRQHandler
                0x0000000008000c78                DMA2_Stream1_IRQHandler
                0x0000000008000c78                CAN1_SCE_IRQHandler
                0x0000000008000c78                FLASH_IRQHandler
                0x0000000008000c78                DMA2_Stream4_IRQHandler
                0x0000000008000c78                USART1_IRQHandler
                0x0000000008000c78                OTG_FS_IRQHandler
                0x0000000008000c78                SPI3_IRQHandler
                0x0000000008000c78                DMA1_Stream4_IRQHandler
                0x0000000008000c78                I2C1_ER_IRQHandler
                0x0000000008000c78                DMA2_Stream6_IRQHandler
                0x0000000008000c78                DMA1_Stream3_IRQHandler
 *fill*         0x0000000008000c7a        0x2 
 .text.HAL_Init
                0x0000000008000c7c       0x44 ./Drivers/STM32F4xx_HAL_Driver/Src/stm32f4xx_hal.o
                0x0000000008000c7c                HAL_Init
 .text.HAL_IncTick
                0x0000000008000cc0       0x28 ./Drivers/STM32F4xx_HAL_Driver/Src/stm32f4xx_hal.o
                0x0000000008000cc0                HAL_IncTick
 .text.HAL_GetTick
                0x0000000008000ce8       0x18 ./Drivers/STM32F4xx_HAL_Driver/Src/stm32f4xx_hal.o
                0x0000000008000ce8                HAL_GetTick
 .text.__NVIC_SetPriorityGrouping
                0x0000000008000d00       0x48 ./Drivers/STM32F4xx_HAL_Driver/Src/stm32f4xx_hal_cortex.o
 .text.__NVIC_GetPriorityGrouping
                0x0000000008000d48       0x1c ./Drivers/STM32F4xx_HAL_Driver/Src/stm32f4xx_hal_cortex.o
 .text.__NVIC_EnableIRQ
                0x0000000008000d64       0x3c ./Drivers/STM32F4xx_HAL_Driver/Src/stm32f4xx_hal_cortex.o
 .text.__NVIC_SetPriority
                0x0000000008000da0       0x54 ./Drivers/STM32F4xx_HAL_Driver/Src/stm32f4xx_hal_cortex.o
 .text.NVIC_EncodePriority
                0x0000000008000df4       0x66 ./Drivers/STM32F4xx_HAL_Driver/Src/stm32f4xx_hal_cortex.o
 .text.HAL_NVIC_SetPriorityGrouping
                0x0000000008000e5a       0x16 ./Drivers/STM32F4xx_HAL_Driver/Src/stm32f4xx_hal_cortex.o
                0x0000000008000e5a                HAL_NVIC_SetPriorityGrouping
 .text.HAL_NVIC_SetPriority
                0x0000000008000e70       0x38 ./Drivers/STM32F4xx_HAL_Driver/Src/stm32f4xx_hal_cortex.o
                0x0000000008000e70                HAL_NVIC_SetPriority
 .text.HAL_NVIC_EnableIRQ
                0x0000000008000ea8       0x1c ./Drivers/STM32F4xx_HAL_Driver/Src/stm32f4xx_hal_cortex.o
                0x0000000008000ea8                HAL_NVIC_EnableIRQ
 .text.HAL_GPIO_Init
                0x0000000008000ec4      0x338 ./Drivers/STM32F4xx_HAL_Driver/Src/stm32f4xx_hal_gpio.o
                0x0000000008000ec4                HAL_GPIO_Init
 .text.HAL_GPIO_WritePin
                0x00000000080011fc       0x32 ./Drivers/STM32F4xx_HAL_Driver/Src/stm32f4xx_hal_gpio.o
                0x00000000080011fc                HAL_GPIO_WritePin
 .text.HAL_GPIO_TogglePin
                0x000000000800122e       0x34 ./Drivers/STM32F4xx_HAL_Driver/Src/stm32f4xx_hal_gpio.o
                0x000000000800122e                HAL_GPIO_TogglePin
 *fill*         0x0000000008001262        0x2 
 .text.HAL_RCC_OscConfig
                0x0000000008001264      0x4f0 ./Drivers/STM32F4xx_HAL_Driver/Src/stm32f4xx_hal_rcc.o
                0x0000000008001264                HAL_RCC_OscConfig
 .text.HAL_RCC_ClockConfig
                0x0000000008001754      0x1cc ./Drivers/STM32F4xx_HAL_Driver/Src/stm32f4xx_hal_rcc.o
                0x0000000008001754                HAL_RCC_ClockConfig
 .text.HAL_RCC_GetSysClockFreq
                0x0000000008001920      0x20c ./Drivers/STM32F4xx_HAL_Driver/Src/stm32f4xx_hal_rcc.o
                0x0000000008001920                HAL_RCC_GetSysClockFreq
 .text.HAL_RCC_GetHCLKFreq
                0x0000000008001b2c       0x18 ./Drivers/STM32F4xx_HAL_Driver/Src/stm32f4xx_hal_rcc.o
                0x0000000008001b2c                HAL_RCC_GetHCLKFreq
 .text.HAL_RCC_GetPCLK1Freq
                0x0000000008001b44       0x28 ./Drivers/STM32F4xx_HAL_Driver/Src/stm32f4xx_hal_rcc.o
                0x0000000008001b44                HAL_RCC_GetPCLK1Freq
 .text.HAL_RCC_GetPCLK2Freq
                0x0000000008001b6c       0x28 ./Drivers/STM32F4xx_HAL_Driver/Src/stm32f4xx_hal_rcc.o
                0x0000000008001b6c                HAL_RCC_GetPCLK2Freq
 .text.HAL_RCC_GetClockConfig
                0x0000000008001b94       0x64 ./Drivers/STM32F4xx_HAL_Driver/Src/stm32f4xx_hal_rcc.o
                0x0000000008001b94                HAL_RCC_GetClockConfig
 .text.HAL_TIM_Base_Init
                0x0000000008001bf8       0x9e ./Drivers/STM32F4xx_HAL_Driver/Src/stm32f4xx_hal_tim.o
                0x0000000008001bf8                HAL_TIM_Base_Init
 .text.HAL_TIM_Base_MspInit
                0x0000000008001c96       0x14 ./Drivers/STM32F4xx_HAL_Driver/Src/stm32f4xx_hal_tim.o
                0x0000000008001c96                HAL_TIM_Base_MspInit
 *fill*         0x0000000008001caa        0x2 
 .text.HAL_TIM_Base_Start_IT
                0x0000000008001cac       0xe0 ./Drivers/STM32F4xx_HAL_Driver/Src/stm32f4xx_hal_tim.o
                0x0000000008001cac                HAL_TIM_Base_Start_IT
 .text.HAL_TIM_IRQHandler
                0x0000000008001d8c      0x210 ./Drivers/STM32F4xx_HAL_Driver/Src/stm32f4xx_hal_tim.o
                0x0000000008001d8c                HAL_TIM_IRQHandler
 .text.HAL_TIM_OC_DelayElapsedCallback
                0x0000000008001f9c       0x14 ./Drivers/STM32F4xx_HAL_Driver/Src/stm32f4xx_hal_tim.o
                0x0000000008001f9c                HAL_TIM_OC_DelayElapsedCallback
 .text.HAL_TIM_IC_CaptureCallback
                0x0000000008001fb0       0x14 ./Drivers/STM32F4xx_HAL_Driver/Src/stm32f4xx_hal_tim.o
                0x0000000008001fb0                HAL_TIM_IC_CaptureCallback
 .text.HAL_TIM_PWM_PulseFinishedCallback
                0x0000000008001fc4       0x14 ./Drivers/STM32F4xx_HAL_Driver/Src/stm32f4xx_hal_tim.o
                0x0000000008001fc4                HAL_TIM_PWM_PulseFinishedCallback
 .text.HAL_TIM_TriggerCallback
                0x0000000008001fd8       0x14 ./Drivers/STM32F4xx_HAL_Driver/Src/stm32f4xx_hal_tim.o
                0x0000000008001fd8                HAL_TIM_TriggerCallback
 .text.TIM_Base_SetConfig
                0x0000000008001fec      0x140 ./Drivers/STM32F4xx_HAL_Driver/Src/stm32f4xx_hal_tim.o
                0x0000000008001fec                TIM_Base_SetConfig
 .text.HAL_TIMEx_CommutCallback
                0x000000000800212c       0x14 ./Drivers/STM32F4xx_HAL_Driver/Src/stm32f4xx_hal_tim_ex.o
                0x000000000800212c                HAL_TIMEx_CommutCallback
 .text.HAL_TIMEx_BreakCallback
                0x0000000008002140       0x14 ./Drivers/STM32F4xx_HAL_Driver/Src/stm32f4xx_hal_tim_ex.o
                0x0000000008002140                HAL_TIMEx_BreakCallback
 .text.HAL_UART_Init
                0x0000000008002154       0x9a ./Drivers/STM32F4xx_HAL_Driver/Src/stm32f4xx_hal_uart.o
                0x0000000008002154                HAL_UART_Init
 .text.HAL_UART_Transmit
                0x00000000080021ee      0x124 ./Drivers/STM32F4xx_HAL_Driver/Src/stm32f4xx_hal_uart.o
                0x00000000080021ee                HAL_UART_Transmit
 .text.UART_WaitOnFlagUntilTimeout
                0x0000000008002312       0xdc ./Drivers/STM32F4xx_HAL_Driver/Src/stm32f4xx_hal_uart.o
 *fill*         0x00000000080023ee        0x2 
 .text.UART_SetConfig
                0x00000000080023f0      0x4e8 ./Drivers/STM32F4xx_HAL_Driver/Src/stm32f4xx_hal_uart.o
 .text.vListInitialise
                0x00000000080028d8       0x40 ./FreeRTOS/list.o
                0x00000000080028d8                vListInitialise
 .text.vListInitialiseItem
                0x0000000008002918       0x1a ./FreeRTOS/list.o
                0x0000000008002918                vListInitialiseItem
 .text.vListInsertEnd
                0x0000000008002932       0x48 ./FreeRTOS/list.o
                0x0000000008002932                vListInsertEnd
 .text.vListInsert
                0x000000000800297a       0x72 ./FreeRTOS/list.o
                0x000000000800297a                vListInsert
 .text.uxListRemove
                0x00000000080029ec       0x54 ./FreeRTOS/list.o
                0x00000000080029ec                uxListRemove
 .text.xQueueGenericReset
                0x0000000008002a40       0xd0 ./FreeRTOS/queue.o
                0x0000000008002a40                xQueueGenericReset
 .text.xQueueGenericCreate
                0x0000000008002b10       0x78 ./FreeRTOS/queue.o
                0x0000000008002b10                xQueueGenericCreate
 .text.prvInitialiseNewQueue
                0x0000000008002b88       0x46 ./FreeRTOS/queue.o
 *fill*         0x0000000008002bce        0x2 
 .text.xQueueGenericSend
                0x0000000008002bd0      0x1fc ./FreeRTOS/queue.o
                0x0000000008002bd0                xQueueGenericSend
 .text.xQueueGenericSendFromISR
                0x0000000008002dcc      0x130 ./FreeRTOS/queue.o
                0x0000000008002dcc                xQueueGenericSendFromISR
 .text.xQueueReceive
                0x0000000008002efc      0x1c0 ./FreeRTOS/queue.o
                0x0000000008002efc                xQueueReceive
 .text.prvCopyDataToQueue
                0x00000000080030bc       0xd4 ./FreeRTOS/queue.o
 .text.prvCopyDataFromQueue
                0x0000000008003190       0x4c ./FreeRTOS/queue.o
 .text.prvUnlockQueue
                0x00000000080031dc       0xa4 ./FreeRTOS/queue.o
 .text.prvIsQueueEmpty
                0x0000000008003280       0x2c ./FreeRTOS/queue.o
 .text.prvIsQueueFull
                0x00000000080032ac       0x30 ./FreeRTOS/queue.o
 .text.vQueueAddToRegistry
                0x00000000080032dc       0x54 ./FreeRTOS/queue.o
                0x00000000080032dc                vQueueAddToRegistry
 .text.vQueueWaitForMessageRestricted
                0x0000000008003330       0x68 ./FreeRTOS/queue.o
                0x0000000008003330                vQueueWaitForMessageRestricted
 .text.xTaskCreate
                0x0000000008003398       0x82 ./FreeRTOS/tasks.o
                0x0000000008003398                xTaskCreate
 .text.prvInitialiseNewTask
                0x000000000800341a      0x11e ./FreeRTOS/tasks.o
 .text.prvAddNewTaskToReadyList
                0x0000000008003538       0xdc ./FreeRTOS/tasks.o
 .text.vTaskDelay
                0x0000000008003614       0x68 ./FreeRTOS/tasks.o
                0x0000000008003614                vTaskDelay
 .text.vTaskStartScheduler
                0x000000000800367c       0x9c ./FreeRTOS/tasks.o
                0x000000000800367c                vTaskStartScheduler
 .text.vTaskSuspendAll
                0x0000000008003718       0x1c ./FreeRTOS/tasks.o
                0x0000000008003718                vTaskSuspendAll
 .text.xTaskResumeAll
                0x0000000008003734      0x138 ./FreeRTOS/tasks.o
                0x0000000008003734                xTaskResumeAll
 .text.xTaskGetTickCount
                0x000000000800386c       0x20 ./FreeRTOS/tasks.o
                0x000000000800386c                xTaskGetTickCount
 .text.xTaskIncrementTick
                0x000000000800388c      0x170 ./FreeRTOS/tasks.o
                0x000000000800388c                xTaskIncrementTick
 .text.vTaskSwitchContext
                0x00000000080039fc       0xb8 ./FreeRTOS/tasks.o
                0x00000000080039fc                vTaskSwitchContext
 .text.vTaskPlaceOnEventList
                0x0000000008003ab4       0x48 ./FreeRTOS/tasks.o
                0x0000000008003ab4                vTaskPlaceOnEventList
 .text.vTaskPlaceOnEventListRestricted
                0x0000000008003afc       0x58 ./FreeRTOS/tasks.o
                0x0000000008003afc                vTaskPlaceOnEventListRestricted
 .text.xTaskRemoveFromEventList
                0x0000000008003b54       0xc4 ./FreeRTOS/tasks.o
                0x0000000008003b54                xTaskRemoveFromEventList
 .text.vTaskInternalSetTimeOutState
                0x0000000008003c18       0x2c ./FreeRTOS/tasks.o
                0x0000000008003c18                vTaskInternalSetTimeOutState
 .text.xTaskCheckForTimeOut
                0x0000000008003c44       0xc4 ./FreeRTOS/tasks.o
                0x0000000008003c44                xTaskCheckForTimeOut
 .text.vTaskMissedYield
                0x0000000008003d08       0x18 ./FreeRTOS/tasks.o
                0x0000000008003d08                vTaskMissedYield
 .text.prvIdleTask
                0x0000000008003d20       0x30 ./FreeRTOS/tasks.o
 .text.prvInitialiseTaskLists
                0x0000000008003d50       0x80 ./FreeRTOS/tasks.o
 .text.prvCheckTasksWaitingTermination
                0x0000000008003dd0       0x5c ./FreeRTOS/tasks.o
 .text.prvDeleteTCB
                0x0000000008003e2c       0x20 ./FreeRTOS/tasks.o
 .text.prvResetNextTaskUnblockTime
                0x0000000008003e4c       0x40 ./FreeRTOS/tasks.o
 .text.xTaskGetSchedulerState
                0x0000000008003e8c       0x3c ./FreeRTOS/tasks.o
                0x0000000008003e8c                xTaskGetSchedulerState
 .text.xTaskPriorityDisinherit
                0x0000000008003ec8      0x10c ./FreeRTOS/tasks.o
                0x0000000008003ec8                xTaskPriorityDisinherit
 .text.prvAddCurrentTaskToDelayedList
                0x0000000008003fd4       0xcc ./FreeRTOS/tasks.o
 .text.Uint32ConvertHex
                0x00000000080040a0      0x10c ./FreeRTOS/tasks.o
                0x00000000080040a0                Uint32ConvertHex
 .text.LongConvertCharArray
                0x00000000080041ac      0x104 ./FreeRTOS/tasks.o
                0x00000000080041ac                LongConvertCharArray
 .text.PrintTCBContext
                0x00000000080042b0      0x210 ./FreeRTOS/tasks.o
                0x00000000080042b0                PrintTCBContext
 .text.Taskmonitor
                0x00000000080044c0      0x174 ./FreeRTOS/tasks.o
                0x00000000080044c0                Taskmonitor
 .text.xTimerCreateTimerTask
                0x0000000008004634       0x64 ./FreeRTOS/timers.o
                0x0000000008004634                xTimerCreateTimerTask
 .text.xTimerGenericCommand
                0x0000000008004698       0x9c ./FreeRTOS/timers.o
                0x0000000008004698                xTimerGenericCommand
 .text.prvProcessExpiredTimer
                0x0000000008004734       0x98 ./FreeRTOS/timers.o
 .text.prvTimerTask
                0x00000000080047cc       0x24 ./FreeRTOS/timers.o
 .text.prvProcessTimerOrBlockTask
                0x00000000080047f0       0x9c ./FreeRTOS/timers.o
 .text.prvGetNextExpireTime
                0x000000000800488c       0x48 ./FreeRTOS/timers.o
 .text.prvSampleTimeNow
                0x00000000080048d4       0x40 ./FreeRTOS/timers.o
 .text.prvInsertTimerInActiveList
                0x0000000008004914       0x84 ./FreeRTOS/timers.o
 .text.prvProcessReceivedCommands
                0x0000000008004998      0x18c ./FreeRTOS/timers.o
 .text.prvSwitchTimerLists
                0x0000000008004b24       0xc8 ./FreeRTOS/timers.o
 .text.prvCheckForValidListAndQueue
                0x0000000008004bec       0x6c ./FreeRTOS/timers.o
 .text.pxPortInitialiseStack
                0x0000000008004c58       0x68 ./FreeRTOS/portable/ARM_CM4F/port.o
                0x0000000008004c58                pxPortInitialiseStack
 .text.prvTaskExitError
                0x0000000008004cc0       0x58 ./FreeRTOS/portable/ARM_CM4F/port.o
 *fill*         0x0000000008004d18        0x8 
 .text.SVC_Handler
                0x0000000008004d20       0x28 ./FreeRTOS/portable/ARM_CM4F/port.o
                0x0000000008004d20                SVC_Handler
 .text.prvPortStartFirstTask
                0x0000000008004d48       0x28 ./FreeRTOS/portable/ARM_CM4F/port.o
 .text.xPortStartScheduler
                0x0000000008004d70      0x164 ./FreeRTOS/portable/ARM_CM4F/port.o
                0x0000000008004d70                xPortStartScheduler
 .text.vPortEnterCritical
                0x0000000008004ed4       0x60 ./FreeRTOS/portable/ARM_CM4F/port.o
                0x0000000008004ed4                vPortEnterCritical
 .text.vPortExitCritical
                0x0000000008004f34       0x54 ./FreeRTOS/portable/ARM_CM4F/port.o
                0x0000000008004f34                vPortExitCritical
 *fill*         0x0000000008004f88        0x8 
 .text.PendSV_Handler
                0x0000000008004f90       0x68 ./FreeRTOS/portable/ARM_CM4F/port.o
                0x0000000008004f90                PendSV_Handler
 .text.SysTick_Handler
                0x0000000008004ff8       0x44 ./FreeRTOS/portable/ARM_CM4F/port.o
                0x0000000008004ff8                SysTick_Handler
 .text.vPortSetupTimerInterrupt
                0x000000000800503c       0x48 ./FreeRTOS/portable/ARM_CM4F/port.o
                0x000000000800503c                vPortSetupTimerInterrupt
 .text.vPortEnableVFP
                0x0000000008005084       0x14 ./FreeRTOS/portable/ARM_CM4F/port.o
 .text.vPortValidateInterruptPriority
                0x0000000008005098       0x80 ./FreeRTOS/portable/ARM_CM4F/port.o
                0x0000000008005098                vPortValidateInterruptPriority
 .text.pvPortMalloc
                0x0000000008005118      0x188 ./FreeRTOS/portable/MemMang/heap_4.o
                0x0000000008005118                pvPortMalloc
 .text.vPortFree
                0x00000000080052a0       0xb4 ./FreeRTOS/portable/MemMang/heap_4.o
                0x00000000080052a0                vPortFree
 .text.prvHeapInit
                0x0000000008005354       0xc4 ./FreeRTOS/portable/MemMang/heap_4.o
 .text.prvInsertBlockIntoFreeList
                0x0000000008005418       0xb4 ./FreeRTOS/portable/MemMang/heap_4.o
 .text.__libc_init_array
                0x00000000080054cc       0x48 c:/st/stm32cubeide_1.11.0/stm32cubeide/plugins/com.st.stm32cube.ide.mcu.externaltools.gnu-tools-for-stm32.10.3-2021.10.win32_1.0.100.202210260954/tools/bin/../lib/gcc/arm-none-eabi/10.3.1/../../../../arm-none-eabi/lib/thumb/v7e-m+fp/hard\libc_nano.a(lib_a-init.o)
                0x00000000080054cc                __libc_init_array
 .text.memcpy   0x0000000008005514       0x1c c:/st/stm32cubeide_1.11.0/stm32cubeide/plugins/com.st.stm32cube.ide.mcu.externaltools.gnu-tools-for-stm32.10.3-2021.10.win32_1.0.100.202210260954/tools/bin/../lib/gcc/arm-none-eabi/10.3.1/../../../../arm-none-eabi/lib/thumb/v7e-m+fp/hard\libc_nano.a(lib_a-memcpy-stub.o)
                0x0000000008005514                memcpy
 .text.memset   0x0000000008005530       0x10 c:/st/stm32cubeide_1.11.0/stm32cubeide/plugins/com.st.stm32cube.ide.mcu.externaltools.gnu-tools-for-stm32.10.3-2021.10.win32_1.0.100.202210260954/tools/bin/../lib/gcc/arm-none-eabi/10.3.1/../../../../arm-none-eabi/lib/thumb/v7e-m+fp/hard\libc_nano.a(lib_a-memset.o)
                0x0000000008005530                memset
 .text.strcat   0x0000000008005540       0x1e c:/st/stm32cubeide_1.11.0/stm32cubeide/plugins/com.st.stm32cube.ide.mcu.externaltools.gnu-tools-for-stm32.10.3-2021.10.win32_1.0.100.202210260954/tools/bin/../lib/gcc/arm-none-eabi/10.3.1/../../../../arm-none-eabi/lib/thumb/v7e-m+fp/hard\libc_nano.a(lib_a-strcat.o)
                0x0000000008005540                strcat
 *(.glue_7)
 .glue_7        0x000000000800555e        0x0 linker stubs
 *(.glue_7t)
 .glue_7t       0x000000000800555e        0x0 linker stubs
 *(.eh_frame)
 *fill*         0x000000000800555e        0x2 
 .eh_frame      0x0000000008005560        0x0 c:/st/stm32cubeide_1.11.0/stm32cubeide/plugins/com.st.stm32cube.ide.mcu.externaltools.gnu-tools-for-stm32.10.3-2021.10.win32_1.0.100.202210260954/tools/bin/../lib/gcc/arm-none-eabi/10.3.1/thumb/v7e-m+fp/hard/crtbegin.o
 *(.init)
 .init          0x0000000008005560        0x4 c:/st/stm32cubeide_1.11.0/stm32cubeide/plugins/com.st.stm32cube.ide.mcu.externaltools.gnu-tools-for-stm32.10.3-2021.10.win32_1.0.100.202210260954/tools/bin/../lib/gcc/arm-none-eabi/10.3.1/thumb/v7e-m+fp/hard/crti.o
                0x0000000008005560                _init
 .init          0x0000000008005564        0x8 c:/st/stm32cubeide_1.11.0/stm32cubeide/plugins/com.st.stm32cube.ide.mcu.externaltools.gnu-tools-for-stm32.10.3-2021.10.win32_1.0.100.202210260954/tools/bin/../lib/gcc/arm-none-eabi/10.3.1/thumb/v7e-m+fp/hard/crtn.o
 *(.fini)
 .fini          0x000000000800556c        0x4 c:/st/stm32cubeide_1.11.0/stm32cubeide/plugins/com.st.stm32cube.ide.mcu.externaltools.gnu-tools-for-stm32.10.3-2021.10.win32_1.0.100.202210260954/tools/bin/../lib/gcc/arm-none-eabi/10.3.1/thumb/v7e-m+fp/hard/crti.o
                0x000000000800556c                _fini
 .fini          0x0000000008005570        0x8 c:/st/stm32cubeide_1.11.0/stm32cubeide/plugins/com.st.stm32cube.ide.mcu.externaltools.gnu-tools-for-stm32.10.3-2021.10.win32_1.0.100.202210260954/tools/bin/../lib/gcc/arm-none-eabi/10.3.1/thumb/v7e-m+fp/hard/crtn.o
                0x0000000008005578                . = ALIGN (0x4)
                0x0000000008005578                _etext = .

.vfp11_veneer   0x0000000008005578        0x0
 .vfp11_veneer  0x0000000008005578        0x0 linker stubs

.v4_bx          0x0000000008005578        0x0
 .v4_bx         0x0000000008005578        0x0 linker stubs

.iplt           0x0000000008005578        0x0
 .iplt          0x0000000008005578        0x0 c:/st/stm32cubeide_1.11.0/stm32cubeide/plugins/com.st.stm32cube.ide.mcu.externaltools.gnu-tools-for-stm32.10.3-2021.10.win32_1.0.100.202210260954/tools/bin/../lib/gcc/arm-none-eabi/10.3.1/thumb/v7e-m+fp/hard/crtbegin.o

.rodata         0x0000000008005578       0xf8
                0x0000000008005578                . = ALIGN (0x4)
 *(.rodata)
 .rodata        0x0000000008005578       0x32 ./Core/Src/main.o
 *fill*         0x00000000080055aa        0x2 
 .rodata        0x00000000080055ac       0x99 ./FreeRTOS/tasks.o
 *fill*         0x0000000008005645        0x3 
 .rodata        0x0000000008005648        0xd ./FreeRTOS/timers.o
 *(.rodata*)
 *fill*         0x0000000008005655        0x3 
 .rodata.AHBPrescTable
                0x0000000008005658       0x10 ./Core/Src/system_stm32f4xx.o
                0x0000000008005658                AHBPrescTable
 .rodata.APBPrescTable
                0x0000000008005668        0x8 ./Core/Src/system_stm32f4xx.o
                0x0000000008005668                APBPrescTable
                0x0000000008005670                . = ALIGN (0x4)

.ARM.extab      0x0000000008005670        0x0
                0x0000000008005670                . = ALIGN (0x4)
 *(.ARM.extab* .gnu.linkonce.armextab.*)
                0x0000000008005670                . = ALIGN (0x4)

.ARM            0x0000000008005670        0x8
                0x0000000008005670                . = ALIGN (0x4)
                0x0000000008005670                __exidx_start = .
 *(.ARM.exidx*)
 .ARM.exidx     0x0000000008005670        0x8 c:/st/stm32cubeide_1.11.0/stm32cubeide/plugins/com.st.stm32cube.ide.mcu.externaltools.gnu-tools-for-stm32.10.3-2021.10.win32_1.0.100.202210260954/tools/bin/../lib/gcc/arm-none-eabi/10.3.1/thumb/v7e-m+fp/hard\libgcc.a(_udivmoddi4.o)
                0x0000000008005678                __exidx_end = .
                0x0000000008005678                . = ALIGN (0x4)

.rel.dyn        0x0000000008005678        0x0
 .rel.iplt      0x0000000008005678        0x0 c:/st/stm32cubeide_1.11.0/stm32cubeide/plugins/com.st.stm32cube.ide.mcu.externaltools.gnu-tools-for-stm32.10.3-2021.10.win32_1.0.100.202210260954/tools/bin/../lib/gcc/arm-none-eabi/10.3.1/thumb/v7e-m+fp/hard/crtbegin.o

.preinit_array  0x0000000008005678        0x0
                0x0000000008005678                . = ALIGN (0x4)
                0x0000000008005678                PROVIDE (__preinit_array_start = .)
 *(.preinit_array*)
                0x0000000008005678                PROVIDE (__preinit_array_end = .)
                0x0000000008005678                . = ALIGN (0x4)

.init_array     0x0000000008005678        0x4
                0x0000000008005678                . = ALIGN (0x4)
                0x0000000008005678                PROVIDE (__init_array_start = .)
 *(SORT_BY_NAME(.init_array.*))
 *(.init_array*)
 .init_array    0x0000000008005678        0x4 c:/st/stm32cubeide_1.11.0/stm32cubeide/plugins/com.st.stm32cube.ide.mcu.externaltools.gnu-tools-for-stm32.10.3-2021.10.win32_1.0.100.202210260954/tools/bin/../lib/gcc/arm-none-eabi/10.3.1/thumb/v7e-m+fp/hard/crtbegin.o
                0x000000000800567c                PROVIDE (__init_array_end = .)
                0x000000000800567c                . = ALIGN (0x4)

.fini_array     0x000000000800567c        0x4
                0x000000000800567c                . = ALIGN (0x4)
                [!provide]                        PROVIDE (__fini_array_start = .)
 *(SORT_BY_NAME(.fini_array.*))
 *(.fini_array*)
 .fini_array    0x000000000800567c        0x4 c:/st/stm32cubeide_1.11.0/stm32cubeide/plugins/com.st.stm32cube.ide.mcu.externaltools.gnu-tools-for-stm32.10.3-2021.10.win32_1.0.100.202210260954/tools/bin/../lib/gcc/arm-none-eabi/10.3.1/thumb/v7e-m+fp/hard/crtbegin.o
                [!provide]                        PROVIDE (__fini_array_end = .)
                0x0000000008005680                . = ALIGN (0x4)
                0x0000000008005680                _sidata = LOADADDR (.data)

.data           0x0000000020000000       0x10 load address 0x0000000008005680
                0x0000000020000000                . = ALIGN (0x4)
                0x0000000020000000                _sdata = .
 *(.data)
 *(.data*)
 .data.SystemCoreClock
                0x0000000020000000        0x4 ./Core/Src/system_stm32f4xx.o
                0x0000000020000000                SystemCoreClock
 .data.uwTickPrio
                0x0000000020000004        0x4 ./Drivers/STM32F4xx_HAL_Driver/Src/stm32f4xx_hal.o
                0x0000000020000004                uwTickPrio
 .data.uwTickFreq
                0x0000000020000008        0x1 ./Drivers/STM32F4xx_HAL_Driver/Src/stm32f4xx_hal.o
                0x0000000020000008                uwTickFreq
 *fill*         0x0000000020000009        0x3 
 .data.uxCriticalNesting
                0x000000002000000c        0x4 ./FreeRTOS/portable/ARM_CM4F/port.o
 *(.RamFunc)
 *(.RamFunc*)
                0x0000000020000010                . = ALIGN (0x4)
                0x0000000020000010                _edata = .
                0x0000000008005690                _siccmram = LOADADDR (.ccmram)

.igot.plt       0x0000000020000010        0x0 load address 0x0000000008005690
 .igot.plt      0x0000000020000010        0x0 c:/st/stm32cubeide_1.11.0/stm32cubeide/plugins/com.st.stm32cube.ide.mcu.externaltools.gnu-tools-for-stm32.10.3-2021.10.win32_1.0.100.202210260954/tools/bin/../lib/gcc/arm-none-eabi/10.3.1/thumb/v7e-m+fp/hard/crtbegin.o

.ccmram         0x0000000010000000        0x0 load address 0x0000000008005690
                0x0000000010000000                . = ALIGN (0x4)
                0x0000000010000000                _sccmram = .
 *(.ccmram)
 *(.ccmram*)
                0x0000000010000000                . = ALIGN (0x4)
                0x0000000010000000                _eccmram = .
                0x0000000010000000                . = ALIGN (0x4)

.bss            0x0000000020000010    0x12f18
                0x0000000020000010                _sbss = .
                0x0000000020000010                __bss_start__ = _sbss
 *(.bss)
 .bss           0x0000000020000010       0x1c c:/st/stm32cubeide_1.11.0/stm32cubeide/plugins/com.st.stm32cube.ide.mcu.externaltools.gnu-tools-for-stm32.10.3-2021.10.win32_1.0.100.202210260954/tools/bin/../lib/gcc/arm-none-eabi/10.3.1/thumb/v7e-m+fp/hard/crtbegin.o
 *(.bss*)
 .bss.huart2    0x000000002000002c       0x44 ./Core/Src/main.o
                0x000000002000002c                huart2
 .bss.xHandle   0x0000000020000070        0x4 ./Core/Src/main.o
                0x0000000020000070                xHandle
 .bss.htim7     0x0000000020000074       0x48 ./Core/Src/stm32f4xx_hal_timebase_tim.o
                0x0000000020000074                htim7
 .bss.uwTick    0x00000000200000bc        0x4 ./Drivers/STM32F4xx_HAL_Driver/Src/stm32f4xx_hal.o
                0x00000000200000bc                uwTick
 .bss.xQueueRegistry
                0x00000000200000c0       0x40 ./FreeRTOS/queue.o
                0x00000000200000c0                xQueueRegistry
 .bss.pxCurrentTCB
                0x0000000020000100        0x4 ./FreeRTOS/tasks.o
                0x0000000020000100                pxCurrentTCB
 .bss.pxReadyTasksLists
                0x0000000020000104      0x12c ./FreeRTOS/tasks.o
 .bss.xDelayedTaskList1
                0x0000000020000230       0x14 ./FreeRTOS/tasks.o
 .bss.xDelayedTaskList2
                0x0000000020000244       0x14 ./FreeRTOS/tasks.o
 .bss.pxDelayedTaskList
                0x0000000020000258        0x4 ./FreeRTOS/tasks.o
 .bss.pxOverflowDelayedTaskList
                0x000000002000025c        0x4 ./FreeRTOS/tasks.o
 .bss.xPendingReadyList
                0x0000000020000260       0x14 ./FreeRTOS/tasks.o
 .bss.xTasksWaitingTermination
                0x0000000020000274       0x14 ./FreeRTOS/tasks.o
 .bss.uxDeletedTasksWaitingCleanUp
                0x0000000020000288        0x4 ./FreeRTOS/tasks.o
 .bss.xSuspendedTaskList
                0x000000002000028c       0x14 ./FreeRTOS/tasks.o
 .bss.uxCurrentNumberOfTasks
                0x00000000200002a0        0x4 ./FreeRTOS/tasks.o
 .bss.xTickCount
                0x00000000200002a4        0x4 ./FreeRTOS/tasks.o
 .bss.uxTopReadyPriority
                0x00000000200002a8        0x4 ./FreeRTOS/tasks.o
 .bss.xSchedulerRunning
                0x00000000200002ac        0x4 ./FreeRTOS/tasks.o
 .bss.uxPendedTicks
                0x00000000200002b0        0x4 ./FreeRTOS/tasks.o
 .bss.xYieldPending
                0x00000000200002b4        0x4 ./FreeRTOS/tasks.o
 .bss.xNumOfOverflows
                0x00000000200002b8        0x4 ./FreeRTOS/tasks.o
 .bss.uxTaskNumber
                0x00000000200002bc        0x4 ./FreeRTOS/tasks.o
 .bss.xNextTaskUnblockTime
                0x00000000200002c0        0x4 ./FreeRTOS/tasks.o
 .bss.xIdleTaskHandle
                0x00000000200002c4        0x4 ./FreeRTOS/tasks.o
 .bss.uxSchedulerSuspended
                0x00000000200002c8        0x4 ./FreeRTOS/tasks.o
 .bss.xActiveTimerList1
                0x00000000200002cc       0x14 ./FreeRTOS/timers.o
 .bss.xActiveTimerList2
                0x00000000200002e0       0x14 ./FreeRTOS/timers.o
 .bss.pxCurrentTimerList
                0x00000000200002f4        0x4 ./FreeRTOS/timers.o
 .bss.pxOverflowTimerList
                0x00000000200002f8        0x4 ./FreeRTOS/timers.o
 .bss.xTimerQueue
                0x00000000200002fc        0x4 ./FreeRTOS/timers.o
 .bss.xTimerTaskHandle
                0x0000000020000300        0x4 ./FreeRTOS/timers.o
 .bss.xLastTime.0
                0x0000000020000304        0x4 ./FreeRTOS/timers.o
 .bss.ucMaxSysCallPriority
                0x0000000020000308        0x1 ./FreeRTOS/portable/ARM_CM4F/port.o
 *fill*         0x0000000020000309        0x3 
 .bss.ulMaxPRIGROUPValue
                0x000000002000030c        0x4 ./FreeRTOS/portable/ARM_CM4F/port.o
 .bss.ucHeap    0x0000000020000310    0x12c00 ./FreeRTOS/portable/MemMang/heap_4.o
 .bss.xStart    0x0000000020012f10        0x8 ./FreeRTOS/portable/MemMang/heap_4.o
 .bss.pxEnd     0x0000000020012f18        0x4 ./FreeRTOS/portable/MemMang/heap_4.o
 .bss.xFreeBytesRemaining
                0x0000000020012f1c        0x4 ./FreeRTOS/portable/MemMang/heap_4.o
 .bss.xMinimumEverFreeBytesRemaining
                0x0000000020012f20        0x4 ./FreeRTOS/portable/MemMang/heap_4.o
 .bss.xBlockAllocatedBit
                0x0000000020012f24        0x4 ./FreeRTOS/portable/MemMang/heap_4.o
 *(COMMON)
                0x0000000020012f28                . = ALIGN (0x4)
                0x0000000020012f28                _ebss = .
                0x0000000020012f28                __bss_end__ = _ebss

._user_heap_stack
                0x0000000020012f28      0x600
                0x0000000020012f28                . = ALIGN (0x8)
                [!provide]                        PROVIDE (end = .)
                0x0000000020012f28                PROVIDE (_end = .)
                0x0000000020013128                . = (. + _Min_Heap_Size)
 *fill*         0x0000000020012f28      0x200 
                0x0000000020013528                . = (. + _Min_Stack_Size)
 *fill*         0x0000000020013128      0x400 
                0x0000000020013528                . = ALIGN (0x8)

/DISCARD/
 libc.a(*)
 libm.a(*)
 libgcc.a(*)

.ARM.attributes
                0x0000000000000000       0x30
 *(.ARM.attributes)
 .ARM.attributes
                0x0000000000000000       0x1e c:/st/stm32cubeide_1.11.0/stm32cubeide/plugins/com.st.stm32cube.ide.mcu.externaltools.gnu-tools-for-stm32.10.3-2021.10.win32_1.0.100.202210260954/tools/bin/../lib/gcc/arm-none-eabi/10.3.1/thumb/v7e-m+fp/hard/crti.o
 .ARM.attributes
                0x000000000000001e       0x34 c:/st/stm32cubeide_1.11.0/stm32cubeide/plugins/com.st.stm32cube.ide.mcu.externaltools.gnu-tools-for-stm32.10.3-2021.10.win32_1.0.100.202210260954/tools/bin/../lib/gcc/arm-none-eabi/10.3.1/thumb/v7e-m+fp/hard/crtbegin.o
 .ARM.attributes
                0x0000000000000052       0x34 ./Core/Src/main.o
 .ARM.attributes
                0x0000000000000086       0x34 ./Core/Src/stm32f4xx_hal_msp.o
 .ARM.attributes
                0x00000000000000ba       0x34 ./Core/Src/stm32f4xx_hal_timebase_tim.o
 .ARM.attributes
                0x00000000000000ee       0x34 ./Core/Src/stm32f4xx_it.o
 .ARM.attributes
                0x0000000000000122       0x34 ./Core/Src/system_stm32f4xx.o
 .ARM.attributes
                0x0000000000000156       0x21 ./Core/Startup/startup_stm32f407vgtx.o
 .ARM.attributes
                0x0000000000000177       0x34 ./Drivers/STM32F4xx_HAL_Driver/Src/stm32f4xx_hal.o
 .ARM.attributes
                0x00000000000001ab       0x34 ./Drivers/STM32F4xx_HAL_Driver/Src/stm32f4xx_hal_cortex.o
 .ARM.attributes
                0x00000000000001df       0x34 ./Drivers/STM32F4xx_HAL_Driver/Src/stm32f4xx_hal_gpio.o
 .ARM.attributes
                0x0000000000000213       0x34 ./Drivers/STM32F4xx_HAL_Driver/Src/stm32f4xx_hal_rcc.o
 .ARM.attributes
                0x0000000000000247       0x34 ./Drivers/STM32F4xx_HAL_Driver/Src/stm32f4xx_hal_tim.o
 .ARM.attributes
                0x000000000000027b       0x34 ./Drivers/STM32F4xx_HAL_Driver/Src/stm32f4xx_hal_tim_ex.o
 .ARM.attributes
                0x00000000000002af       0x34 ./Drivers/STM32F4xx_HAL_Driver/Src/stm32f4xx_hal_uart.o
 .ARM.attributes
                0x00000000000002e3       0x34 ./FreeRTOS/list.o
 .ARM.attributes
                0x0000000000000317       0x34 ./FreeRTOS/queue.o
 .ARM.attributes
                0x000000000000034b       0x34 ./FreeRTOS/tasks.o
 .ARM.attributes
                0x000000000000037f       0x34 ./FreeRTOS/timers.o
 .ARM.attributes
                0x00000000000003b3       0x34 ./FreeRTOS/portable/ARM_CM4F/port.o
 .ARM.attributes
                0x00000000000003e7       0x34 ./FreeRTOS/portable/MemMang/heap_4.o
 .ARM.attributes
                0x000000000000041b       0x34 c:/st/stm32cubeide_1.11.0/stm32cubeide/plugins/com.st.stm32cube.ide.mcu.externaltools.gnu-tools-for-stm32.10.3-2021.10.win32_1.0.100.202210260954/tools/bin/../lib/gcc/arm-none-eabi/10.3.1/../../../../arm-none-eabi/lib/thumb/v7e-m+fp/hard\libc_nano.a(lib_a-init.o)
 .ARM.attributes
                0x000000000000044f       0x34 c:/st/stm32cubeide_1.11.0/stm32cubeide/plugins/com.st.stm32cube.ide.mcu.externaltools.gnu-tools-for-stm32.10.3-2021.10.win32_1.0.100.202210260954/tools/bin/../lib/gcc/arm-none-eabi/10.3.1/../../../../arm-none-eabi/lib/thumb/v7e-m+fp/hard\libc_nano.a(lib_a-memcpy-stub.o)
 .ARM.attributes
                0x0000000000000483       0x34 c:/st/stm32cubeide_1.11.0/stm32cubeide/plugins/com.st.stm32cube.ide.mcu.externaltools.gnu-tools-for-stm32.10.3-2021.10.win32_1.0.100.202210260954/tools/bin/../lib/gcc/arm-none-eabi/10.3.1/../../../../arm-none-eabi/lib/thumb/v7e-m+fp/hard\libc_nano.a(lib_a-memset.o)
 .ARM.attributes
                0x00000000000004b7       0x34 c:/st/stm32cubeide_1.11.0/stm32cubeide/plugins/com.st.stm32cube.ide.mcu.externaltools.gnu-tools-for-stm32.10.3-2021.10.win32_1.0.100.202210260954/tools/bin/../lib/gcc/arm-none-eabi/10.3.1/../../../../arm-none-eabi/lib/thumb/v7e-m+fp/hard\libc_nano.a(lib_a-strcat.o)
 .ARM.attributes
                0x00000000000004eb       0x17 c:/st/stm32cubeide_1.11.0/stm32cubeide/plugins/com.st.stm32cube.ide.mcu.externaltools.gnu-tools-for-stm32.10.3-2021.10.win32_1.0.100.202210260954/tools/bin/../lib/gcc/arm-none-eabi/10.3.1/../../../../arm-none-eabi/lib/thumb/v7e-m+fp/hard\libc_nano.a(lib_a-strlen.o)
 .ARM.attributes
                0x0000000000000502       0x1e c:/st/stm32cubeide_1.11.0/stm32cubeide/plugins/com.st.stm32cube.ide.mcu.externaltools.gnu-tools-for-stm32.10.3-2021.10.win32_1.0.100.202210260954/tools/bin/../lib/gcc/arm-none-eabi/10.3.1/thumb/v7e-m+fp/hard\libgcc.a(_aeabi_uldivmod.o)
 .ARM.attributes
                0x0000000000000520       0x34 c:/st/stm32cubeide_1.11.0/stm32cubeide/plugins/com.st.stm32cube.ide.mcu.externaltools.gnu-tools-for-stm32.10.3-2021.10.win32_1.0.100.202210260954/tools/bin/../lib/gcc/arm-none-eabi/10.3.1/thumb/v7e-m+fp/hard\libgcc.a(_udivmoddi4.o)
 .ARM.attributes
                0x0000000000000554       0x1e c:/st/stm32cubeide_1.11.0/stm32cubeide/plugins/com.st.stm32cube.ide.mcu.externaltools.gnu-tools-for-stm32.10.3-2021.10.win32_1.0.100.202210260954/tools/bin/../lib/gcc/arm-none-eabi/10.3.1/thumb/v7e-m+fp/hard\libgcc.a(_dvmd_tls.o)
 .ARM.attributes
                0x0000000000000572       0x1e c:/st/stm32cubeide_1.11.0/stm32cubeide/plugins/com.st.stm32cube.ide.mcu.externaltools.gnu-tools-for-stm32.10.3-2021.10.win32_1.0.100.202210260954/tools/bin/../lib/gcc/arm-none-eabi/10.3.1/thumb/v7e-m+fp/hard/crtn.o
OUTPUT(lab2.elf elf32-littlearm)
LOAD linker stubs
LOAD c:/st/stm32cubeide_1.11.0/stm32cubeide/plugins/com.st.stm32cube.ide.mcu.externaltools.gnu-tools-for-stm32.10.3-2021.10.win32_1.0.100.202210260954/tools/bin/../lib/gcc/arm-none-eabi/10.3.1/../../../../arm-none-eabi/lib/thumb/v7e-m+fp/hard\libc.a
LOAD c:/st/stm32cubeide_1.11.0/stm32cubeide/plugins/com.st.stm32cube.ide.mcu.externaltools.gnu-tools-for-stm32.10.3-2021.10.win32_1.0.100.202210260954/tools/bin/../lib/gcc/arm-none-eabi/10.3.1/../../../../arm-none-eabi/lib/thumb/v7e-m+fp/hard\libm.a
LOAD c:/st/stm32cubeide_1.11.0/stm32cubeide/plugins/com.st.stm32cube.ide.mcu.externaltools.gnu-tools-for-stm32.10.3-2021.10.win32_1.0.100.202210260954/tools/bin/../lib/gcc/arm-none-eabi/10.3.1/thumb/v7e-m+fp/hard\libgcc.a

.debug_info     0x0000000000000000    0x12af4
 .debug_info    0x0000000000000000     0x11f1 ./Core/Src/main.o
 .debug_info    0x00000000000011f1      0x96b ./Core/Src/stm32f4xx_hal_msp.o
 .debug_info    0x0000000000001b5c      0xc21 ./Core/Src/stm32f4xx_hal_timebase_tim.o
 .debug_info    0x000000000000277d      0x6f8 ./Core/Src/stm32f4xx_it.o
 .debug_info    0x0000000000002e75      0x523 ./Core/Src/system_stm32f4xx.o
 .debug_info    0x0000000000003398       0x22 ./Core/Startup/startup_stm32f407vgtx.o
 .debug_info    0x00000000000033ba      0x97c ./Drivers/STM32F4xx_HAL_Driver/Src/stm32f4xx_hal.o
 .debug_info    0x0000000000003d36      0xe1b ./Drivers/STM32F4xx_HAL_Driver/Src/stm32f4xx_hal_cortex.o
 .debug_info    0x0000000000004b51      0x76a ./Drivers/STM32F4xx_HAL_Driver/Src/stm32f4xx_hal_gpio.o
 .debug_info    0x00000000000052bb      0x966 ./Drivers/STM32F4xx_HAL_Driver/Src/stm32f4xx_hal_rcc.o
 .debug_info    0x0000000000005c21     0x2bbe ./Drivers/STM32F4xx_HAL_Driver/Src/stm32f4xx_hal_tim.o
 .debug_info    0x00000000000087df     0x15e0 ./Drivers/STM32F4xx_HAL_Driver/Src/stm32f4xx_hal_tim_ex.o
 .debug_info    0x0000000000009dbf     0x31bc ./Drivers/STM32F4xx_HAL_Driver/Src/stm32f4xx_hal_uart.o
 .debug_info    0x000000000000cf7b      0x2d1 ./FreeRTOS/list.o
 .debug_info    0x000000000000d24c     0x184e ./FreeRTOS/queue.o
 .debug_info    0x000000000000ea9a     0x28d4 ./FreeRTOS/tasks.o
 .debug_info    0x000000000001136e      0xe77 ./FreeRTOS/timers.o
 .debug_info    0x00000000000121e5      0x525 ./FreeRTOS/portable/ARM_CM4F/port.o
 .debug_info    0x000000000001270a      0x3ea ./FreeRTOS/portable/MemMang/heap_4.o

.debug_abbrev   0x0000000000000000     0x2964
 .debug_abbrev  0x0000000000000000      0x303 ./Core/Src/main.o
 .debug_abbrev  0x0000000000000303      0x19b ./Core/Src/stm32f4xx_hal_msp.o
 .debug_abbrev  0x000000000000049e      0x1d3 ./Core/Src/stm32f4xx_hal_timebase_tim.o
 .debug_abbrev  0x0000000000000671      0x171 ./Core/Src/stm32f4xx_it.o
 .debug_abbrev  0x00000000000007e2      0x116 ./Core/Src/system_stm32f4xx.o
 .debug_abbrev  0x00000000000008f8       0x12 ./Core/Startup/startup_stm32f407vgtx.o
 .debug_abbrev  0x000000000000090a      0x20d ./Drivers/STM32F4xx_HAL_Driver/Src/stm32f4xx_hal.o
 .debug_abbrev  0x0000000000000b17      0x316 ./Drivers/STM32F4xx_HAL_Driver/Src/stm32f4xx_hal_cortex.o
 .debug_abbrev  0x0000000000000e2d      0x1c4 ./Drivers/STM32F4xx_HAL_Driver/Src/stm32f4xx_hal_gpio.o
 .debug_abbrev  0x0000000000000ff1      0x2aa ./Drivers/STM32F4xx_HAL_Driver/Src/stm32f4xx_hal_rcc.o
 .debug_abbrev  0x000000000000129b      0x25d ./Drivers/STM32F4xx_HAL_Driver/Src/stm32f4xx_hal_tim.o
 .debug_abbrev  0x00000000000014f8      0x265 ./Drivers/STM32F4xx_HAL_Driver/Src/stm32f4xx_hal_tim_ex.o
 .debug_abbrev  0x000000000000175d      0x2f4 ./Drivers/STM32F4xx_HAL_Driver/Src/stm32f4xx_hal_uart.o
 .debug_abbrev  0x0000000000001a51       0xf2 ./FreeRTOS/list.o
 .debug_abbrev  0x0000000000001b43      0x341 ./FreeRTOS/queue.o
 .debug_abbrev  0x0000000000001e84      0x3b0 ./FreeRTOS/tasks.o
 .debug_abbrev  0x0000000000002234      0x2d8 ./FreeRTOS/timers.o
 .debug_abbrev  0x000000000000250c      0x259 ./FreeRTOS/portable/ARM_CM4F/port.o
 .debug_abbrev  0x0000000000002765      0x1ff ./FreeRTOS/portable/MemMang/heap_4.o

.debug_aranges  0x0000000000000000     0x10a0
 .debug_aranges
                0x0000000000000000       0x68 ./Core/Src/main.o
 .debug_aranges
                0x0000000000000068       0x30 ./Core/Src/stm32f4xx_hal_msp.o
 .debug_aranges
                0x0000000000000098       0x30 ./Core/Src/stm32f4xx_hal_timebase_tim.o
 .debug_aranges
                0x00000000000000c8       0x50 ./Core/Src/stm32f4xx_it.o
 .debug_aranges
                0x0000000000000118       0x28 ./Core/Src/system_stm32f4xx.o
 .debug_aranges
                0x0000000000000140       0x28 ./Core/Startup/startup_stm32f407vgtx.o
 .debug_aranges
                0x0000000000000168       0xf0 ./Drivers/STM32F4xx_HAL_Driver/Src/stm32f4xx_hal.o
 .debug_aranges
                0x0000000000000258      0x118 ./Drivers/STM32F4xx_HAL_Driver/Src/stm32f4xx_hal_cortex.o
 .debug_aranges
                0x0000000000000370       0x58 ./Drivers/STM32F4xx_HAL_Driver/Src/stm32f4xx_hal_gpio.o
 .debug_aranges
                0x00000000000003c8       0x88 ./Drivers/STM32F4xx_HAL_Driver/Src/stm32f4xx_hal_rcc.o
 .debug_aranges
                0x0000000000000450      0x3d0 ./Drivers/STM32F4xx_HAL_Driver/Src/stm32f4xx_hal_tim.o
 .debug_aranges
                0x0000000000000820      0x168 ./Drivers/STM32F4xx_HAL_Driver/Src/stm32f4xx_hal_tim_ex.o
 .debug_aranges
                0x0000000000000988      0x200 ./Drivers/STM32F4xx_HAL_Driver/Src/stm32f4xx_hal_uart.o
 .debug_aranges
                0x0000000000000b88       0x40 ./FreeRTOS/list.o
 .debug_aranges
                0x0000000000000bc8      0x130 ./FreeRTOS/queue.o
 .debug_aranges
                0x0000000000000cf8      0x208 ./FreeRTOS/tasks.o
 .debug_aranges
                0x0000000000000f00       0xd0 ./FreeRTOS/timers.o
 .debug_aranges
                0x0000000000000fd0       0x80 ./FreeRTOS/portable/ARM_CM4F/port.o
 .debug_aranges
                0x0000000000001050       0x50 ./FreeRTOS/portable/MemMang/heap_4.o

.debug_ranges   0x0000000000000000      0xfa8
 .debug_ranges  0x0000000000000000       0x58 ./Core/Src/main.o
 .debug_ranges  0x0000000000000058       0x20 ./Core/Src/stm32f4xx_hal_msp.o
 .debug_ranges  0x0000000000000078       0x20 ./Core/Src/stm32f4xx_hal_timebase_tim.o
 .debug_ranges  0x0000000000000098       0x40 ./Core/Src/stm32f4xx_it.o
 .debug_ranges  0x00000000000000d8       0x18 ./Core/Src/system_stm32f4xx.o
 .debug_ranges  0x00000000000000f0       0x20 ./Core/Startup/startup_stm32f407vgtx.o
 .debug_ranges  0x0000000000000110       0xe0 ./Drivers/STM32F4xx_HAL_Driver/Src/stm32f4xx_hal.o
 .debug_ranges  0x00000000000001f0      0x108 ./Drivers/STM32F4xx_HAL_Driver/Src/stm32f4xx_hal_cortex.o
 .debug_ranges  0x00000000000002f8       0x48 ./Drivers/STM32F4xx_HAL_Driver/Src/stm32f4xx_hal_gpio.o
 .debug_ranges  0x0000000000000340       0x78 ./Drivers/STM32F4xx_HAL_Driver/Src/stm32f4xx_hal_rcc.o
 .debug_ranges  0x00000000000003b8      0x3c0 ./Drivers/STM32F4xx_HAL_Driver/Src/stm32f4xx_hal_tim.o
 .debug_ranges  0x0000000000000778      0x158 ./Drivers/STM32F4xx_HAL_Driver/Src/stm32f4xx_hal_tim_ex.o
 .debug_ranges  0x00000000000008d0      0x220 ./Drivers/STM32F4xx_HAL_Driver/Src/stm32f4xx_hal_uart.o
 .debug_ranges  0x0000000000000af0       0x30 ./FreeRTOS/list.o
 .debug_ranges  0x0000000000000b20      0x120 ./FreeRTOS/queue.o
 .debug_ranges  0x0000000000000c40      0x1f8 ./FreeRTOS/tasks.o
 .debug_ranges  0x0000000000000e38       0xc0 ./FreeRTOS/timers.o
 .debug_ranges  0x0000000000000ef8       0x70 ./FreeRTOS/portable/ARM_CM4F/port.o
 .debug_ranges  0x0000000000000f68       0x40 ./FreeRTOS/portable/MemMang/heap_4.o

.debug_macro    0x0000000000000000    0x22e79
 .debug_macro   0x0000000000000000      0x41f ./Core/Src/main.o
 .debug_macro   0x000000000000041f      0xa78 ./Core/Src/main.o
 .debug_macro   0x0000000000000e97      0x29b ./Core/Src/main.o
 .debug_macro   0x0000000000001132       0x2e ./Core/Src/main.o
 .debug_macro   0x0000000000001160       0x2f ./Core/Src/main.o
 .debug_macro   0x000000000000118f       0x22 ./Core/Src/main.o
 .debug_macro   0x00000000000011b1       0x8e ./Core/Src/main.o
 .debug_macro   0x000000000000123f       0x51 ./Core/Src/main.o
 .debug_macro   0x0000000000001290      0x103 ./Core/Src/main.o
 .debug_macro   0x0000000000001393       0x6a ./Core/Src/main.o
 .debug_macro   0x00000000000013fd      0x1df ./Core/Src/main.o
 .debug_macro   0x00000000000015dc       0x1c ./Core/Src/main.o
 .debug_macro   0x00000000000015f8       0x22 ./Core/Src/main.o
 .debug_macro   0x000000000000161a       0xd9 ./Core/Src/main.o
 .debug_macro   0x00000000000016f3     0x102d ./Core/Src/main.o
 .debug_macro   0x0000000000002720      0x11f ./Core/Src/main.o
 .debug_macro   0x000000000000283f    0x15e82 ./Core/Src/main.o
 .debug_macro   0x00000000000186c1       0x6d ./Core/Src/main.o
 .debug_macro   0x000000000001872e     0x367e ./Core/Src/main.o
 .debug_macro   0x000000000001bdac      0x174 ./Core/Src/main.o
 .debug_macro   0x000000000001bf20       0x5c ./Core/Src/main.o
 .debug_macro   0x000000000001bf7c      0x96b ./Core/Src/main.o
 .debug_macro   0x000000000001c8e7      0x9fe ./Core/Src/main.o
 .debug_macro   0x000000000001d2e5      0x115 ./Core/Src/main.o
 .debug_macro   0x000000000001d3fa      0x13e ./Core/Src/main.o
 .debug_macro   0x000000000001d538       0xa5 ./Core/Src/main.o
 .debug_macro   0x000000000001d5dd      0x174 ./Core/Src/main.o
 .debug_macro   0x000000000001d751      0x287 ./Core/Src/main.o
 .debug_macro   0x000000000001d9d8       0x5f ./Core/Src/main.o
 .debug_macro   0x000000000001da37      0x236 ./Core/Src/main.o
 .debug_macro   0x000000000001dc6d      0x12c ./Core/Src/main.o
 .debug_macro   0x000000000001dd99      0x21e ./Core/Src/main.o
 .debug_macro   0x000000000001dfb7       0x2e ./Core/Src/main.o
 .debug_macro   0x000000000001dfe5      0x11a ./Core/Src/main.o
 .debug_macro   0x000000000001e0ff       0x7e ./Core/Src/main.o
 .debug_macro   0x000000000001e17d       0x89 ./Core/Src/main.o
 .debug_macro   0x000000000001e206      0x8e6 ./Core/Src/main.o
 .debug_macro   0x000000000001eaec       0x47 ./Core/Src/main.o
 .debug_macro   0x000000000001eb33      0x295 ./Core/Src/main.o
 .debug_macro   0x000000000001edc8      0x12d ./Core/Src/main.o
 .debug_macro   0x000000000001eef5      0x190 ./Core/Src/main.o
 .debug_macro   0x000000000001f085      0x106 ./Core/Src/main.o
 .debug_macro   0x000000000001f18b      0x15a ./Core/Src/main.o
 .debug_macro   0x000000000001f2e5       0xe4 ./Core/Src/main.o
 .debug_macro   0x000000000001f3c9       0x1c ./Core/Src/main.o
 .debug_macro   0x000000000001f3e5       0x26 ./Core/Src/main.o
 .debug_macro   0x000000000001f40b      0x4d3 ./Core/Src/main.o
 .debug_macro   0x000000000001f8de       0xbc ./Core/Src/main.o
 .debug_macro   0x000000000001f99a       0xaa ./Core/Src/main.o
 .debug_macro   0x000000000001fa44       0x52 ./Core/Src/main.o
 .debug_macro   0x000000000001fa96       0x1e ./Core/Src/main.o
 .debug_macro   0x000000000001fab4       0x3c ./Core/Src/main.o
 .debug_macro   0x000000000001faf0       0x34 ./Core/Src/main.o
 .debug_macro   0x000000000001fb24       0x16 ./Core/Src/main.o
 .debug_macro   0x000000000001fb3a       0x35 ./Core/Src/main.o
 .debug_macro   0x000000000001fb6f      0x341 ./Core/Src/main.o
 .debug_macro   0x000000000001feb0       0x10 ./Core/Src/main.o
 .debug_macro   0x000000000001fec0       0x16 ./Core/Src/main.o
 .debug_macro   0x000000000001fed6       0x43 ./Core/Src/main.o
 .debug_macro   0x000000000001ff19       0x34 ./Core/Src/main.o
 .debug_macro   0x000000000001ff4d       0x10 ./Core/Src/main.o
 .debug_macro   0x000000000001ff5d       0x58 ./Core/Src/main.o
 .debug_macro   0x000000000001ffb5       0x71 ./Core/Src/main.o
 .debug_macro   0x0000000000020026       0x1c ./Core/Src/main.o
 .debug_macro   0x0000000000020042      0x12a ./Core/Src/main.o
 .debug_macro   0x000000000002016c       0x10 ./Core/Src/main.o
 .debug_macro   0x000000000002017c       0x1c ./Core/Src/main.o
 .debug_macro   0x0000000000020198       0x52 ./Core/Src/main.o
 .debug_macro   0x00000000000201ea       0x22 ./Core/Src/main.o
 .debug_macro   0x000000000002020c       0x10 ./Core/Src/main.o
 .debug_macro   0x000000000002021c       0x52 ./Core/Src/main.o
 .debug_macro   0x000000000002026e       0xd5 ./Core/Src/main.o
 .debug_macro   0x0000000000020343       0x1c ./Core/Src/main.o
 .debug_macro   0x000000000002035f       0x3d ./Core/Src/main.o
 .debug_macro   0x000000000002039c       0x16 ./Core/Src/main.o
 .debug_macro   0x00000000000203b2      0x145 ./Core/Src/main.o
 .debug_macro   0x00000000000204f7       0x16 ./Core/Src/main.o
 .debug_macro   0x000000000002050d       0x20 ./Core/Src/main.o
 .debug_macro   0x000000000002052d       0x16 ./Core/Src/main.o
 .debug_macro   0x0000000000020543       0x16 ./Core/Src/main.o
 .debug_macro   0x0000000000020559       0x29 ./Core/Src/main.o
 .debug_macro   0x0000000000020582      0x19b ./Core/Src/main.o
 .debug_macro   0x000000000002071d      0x1dd ./Core/Src/stm32f4xx_hal_msp.o
 .debug_macro   0x00000000000208fa      0x1ce ./Core/Src/stm32f4xx_hal_timebase_tim.o
 .debug_macro   0x0000000000020ac8      0x1e7 ./Core/Src/stm32f4xx_it.o
 .debug_macro   0x0000000000020caf      0x1ce ./Core/Src/system_stm32f4xx.o
 .debug_macro   0x0000000000020e7d      0x22e ./Drivers/STM32F4xx_HAL_Driver/Src/stm32f4xx_hal.o
 .debug_macro   0x00000000000210ab      0x1ce ./Drivers/STM32F4xx_HAL_Driver/Src/stm32f4xx_hal_cortex.o
 .debug_macro   0x0000000000021279      0x1d4 ./Drivers/STM32F4xx_HAL_Driver/Src/stm32f4xx_hal_gpio.o
 .debug_macro   0x000000000002144d      0x1f2 ./Drivers/STM32F4xx_HAL_Driver/Src/stm32f4xx_hal_rcc.o
 .debug_macro   0x000000000002163f      0x1cf ./Drivers/STM32F4xx_HAL_Driver/Src/stm32f4xx_hal_tim.o
 .debug_macro   0x000000000002180e      0x1ce ./Drivers/STM32F4xx_HAL_Driver/Src/stm32f4xx_hal_tim_ex.o
 .debug_macro   0x00000000000219dc      0x1cf ./Drivers/STM32F4xx_HAL_Driver/Src/stm32f4xx_hal_uart.o
 .debug_macro   0x0000000000021bab      0x187 ./FreeRTOS/list.o
 .debug_macro   0x0000000000021d32      0x37c ./FreeRTOS/queue.o
 .debug_macro   0x00000000000220ae       0x80 ./FreeRTOS/queue.o
 .debug_macro   0x000000000002212e      0x3df ./FreeRTOS/tasks.o
 .debug_macro   0x000000000002250d       0x10 ./FreeRTOS/tasks.o
 .debug_macro   0x000000000002251d      0x34c ./FreeRTOS/timers.o
 .debug_macro   0x0000000000022869      0x2fc ./FreeRTOS/portable/ARM_CM4F/port.o
 .debug_macro   0x0000000000022b65      0x314 ./FreeRTOS/portable/MemMang/heap_4.o

.debug_line     0x0000000000000000    0x1392c
 .debug_line    0x0000000000000000      0xc94 ./Core/Src/main.o
 .debug_line    0x0000000000000c94      0x710 ./Core/Src/stm32f4xx_hal_msp.o
 .debug_line    0x00000000000013a4      0x723 ./Core/Src/stm32f4xx_hal_timebase_tim.o
 .debug_line    0x0000000000001ac7      0x760 ./Core/Src/stm32f4xx_it.o
 .debug_line    0x0000000000002227      0x745 ./Core/Src/system_stm32f4xx.o
 .debug_line    0x000000000000296c       0x88 ./Core/Startup/startup_stm32f407vgtx.o
 .debug_line    0x00000000000029f4      0x9ab ./Drivers/STM32F4xx_HAL_Driver/Src/stm32f4xx_hal.o
 .debug_line    0x000000000000339f      0xc5a ./Drivers/STM32F4xx_HAL_Driver/Src/stm32f4xx_hal_cortex.o
 .debug_line    0x0000000000003ff9      0xb1f ./Drivers/STM32F4xx_HAL_Driver/Src/stm32f4xx_hal_gpio.o
 .debug_line    0x0000000000004b18      0xd27 ./Drivers/STM32F4xx_HAL_Driver/Src/stm32f4xx_hal_rcc.o
 .debug_line    0x000000000000583f     0x369f ./Drivers/STM32F4xx_HAL_Driver/Src/stm32f4xx_hal_tim.o
 .debug_line    0x0000000000008ede     0x19a8 ./Drivers/STM32F4xx_HAL_Driver/Src/stm32f4xx_hal_tim_ex.o
 .debug_line    0x000000000000a886     0x2a50 ./Drivers/STM32F4xx_HAL_Driver/Src/stm32f4xx_hal_uart.o
 .debug_line    0x000000000000d2d6      0x6f8 ./FreeRTOS/list.o
 .debug_line    0x000000000000d9ce     0x1821 ./FreeRTOS/queue.o
 .debug_line    0x000000000000f1ef     0x212e ./FreeRTOS/tasks.o
 .debug_line    0x000000000001131d      0xf2f ./FreeRTOS/timers.o
 .debug_line    0x000000000001224c      0xb0d ./FreeRTOS/portable/ARM_CM4F/port.o
 .debug_line    0x0000000000012d59      0xbd3 ./FreeRTOS/portable/MemMang/heap_4.o

.debug_str      0x0000000000000000    0xd33ef
 .debug_str     0x0000000000000000    0xcca20 ./Core/Src/main.o
                                      0xccdc9 (size before relaxing)
 .debug_str     0x00000000000cca20       0x66 ./Core/Src/stm32f4xx_hal_msp.o
                                      0xc42da (size before relaxing)
 .debug_str     0x00000000000cca86      0x5ef ./Core/Src/stm32f4xx_hal_timebase_tim.o
                                      0xc4303 (size before relaxing)
 .debug_str     0x00000000000cd075       0xb5 ./Core/Src/stm32f4xx_it.o
                                      0xc4290 (size before relaxing)
 .debug_str     0x00000000000cd12a       0xdb ./Core/Src/system_stm32f4xx.o
                                      0xc382e (size before relaxing)
 .debug_str     0x00000000000cd205       0x36 ./Core/Startup/startup_stm32f407vgtx.o
                                         0x6e (size before relaxing)
 .debug_str     0x00000000000cd23b      0x5de ./Drivers/STM32F4xx_HAL_Driver/Src/stm32f4xx_hal.o
                                      0xc43b2 (size before relaxing)
 .debug_str     0x00000000000cd819      0x33a ./Drivers/STM32F4xx_HAL_Driver/Src/stm32f4xx_hal_cortex.o
                                      0xc40e5 (size before relaxing)
 .debug_str     0x00000000000cdb53      0x10e ./Drivers/STM32F4xx_HAL_Driver/Src/stm32f4xx_hal_gpio.o
                                      0xc39a9 (size before relaxing)
 .debug_str     0x00000000000cdc61      0x1fd ./Drivers/STM32F4xx_HAL_Driver/Src/stm32f4xx_hal_rcc.o
                                      0xc3c62 (size before relaxing)
 .debug_str     0x00000000000cde5e      0xe69 ./Drivers/STM32F4xx_HAL_Driver/Src/stm32f4xx_hal_tim.o
                                      0xc4ba8 (size before relaxing)
 .debug_str     0x00000000000cecc7      0x503 ./Drivers/STM32F4xx_HAL_Driver/Src/stm32f4xx_hal_tim_ex.o
                                      0xc43c4 (size before relaxing)
 .debug_str     0x00000000000cf1ca      0x61c ./Drivers/STM32F4xx_HAL_Driver/Src/stm32f4xx_hal_uart.o
                                      0xc4201 (size before relaxing)
 .debug_str     0x00000000000cf7e6      0x12f ./FreeRTOS/list.o
                                       0xa6a8 (size before relaxing)
 .debug_str     0x00000000000cf915     0x11a4 ./FreeRTOS/queue.o
                                      0xcb68d (size before relaxing)
 .debug_str     0x00000000000d0ab9     0x1ad4 ./FreeRTOS/tasks.o
                                      0xcc7e2 (size before relaxing)
 .debug_str     0x00000000000d258d      0x4e7 ./FreeRTOS/timers.o
                                      0xcba3e (size before relaxing)
 .debug_str     0x00000000000d2a74      0x760 ./FreeRTOS/portable/ARM_CM4F/port.o
                                      0xc7d52 (size before relaxing)
 .debug_str     0x00000000000d31d4      0x21b ./FreeRTOS/portable/MemMang/heap_4.o
                                      0xca5e1 (size before relaxing)

.comment        0x0000000000000000       0x50
 .comment       0x0000000000000000       0x50 ./Core/Src/main.o
                                         0x51 (size before relaxing)
 .comment       0x0000000000000050       0x51 ./Core/Src/stm32f4xx_hal_msp.o
 .comment       0x0000000000000050       0x51 ./Core/Src/stm32f4xx_hal_timebase_tim.o
 .comment       0x0000000000000050       0x51 ./Core/Src/stm32f4xx_it.o
 .comment       0x0000000000000050       0x51 ./Core/Src/system_stm32f4xx.o
 .comment       0x0000000000000050       0x51 ./Drivers/STM32F4xx_HAL_Driver/Src/stm32f4xx_hal.o
 .comment       0x0000000000000050       0x51 ./Drivers/STM32F4xx_HAL_Driver/Src/stm32f4xx_hal_cortex.o
 .comment       0x0000000000000050       0x51 ./Drivers/STM32F4xx_HAL_Driver/Src/stm32f4xx_hal_gpio.o
 .comment       0x0000000000000050       0x51 ./Drivers/STM32F4xx_HAL_Driver/Src/stm32f4xx_hal_rcc.o
 .comment       0x0000000000000050       0x51 ./Drivers/STM32F4xx_HAL_Driver/Src/stm32f4xx_hal_tim.o
 .comment       0x0000000000000050       0x51 ./Drivers/STM32F4xx_HAL_Driver/Src/stm32f4xx_hal_tim_ex.o
 .comment       0x0000000000000050       0x51 ./Drivers/STM32F4xx_HAL_Driver/Src/stm32f4xx_hal_uart.o
 .comment       0x0000000000000050       0x51 ./FreeRTOS/list.o
 .comment       0x0000000000000050       0x51 ./FreeRTOS/queue.o
 .comment       0x0000000000000050       0x51 ./FreeRTOS/tasks.o
 .comment       0x0000000000000050       0x51 ./FreeRTOS/timers.o
 .comment       0x0000000000000050       0x51 ./FreeRTOS/portable/ARM_CM4F/port.o
 .comment       0x0000000000000050       0x51 ./FreeRTOS/portable/MemMang/heap_4.o

.debug_frame    0x0000000000000000     0x45e4
 .debug_frame   0x0000000000000000      0x154 ./Core/Src/main.o
 .debug_frame   0x0000000000000154       0x80 ./Core/Src/stm32f4xx_hal_msp.o
 .debug_frame   0x00000000000001d4       0x74 ./Core/Src/stm32f4xx_hal_timebase_tim.o
 .debug_frame   0x0000000000000248       0xc4 ./Core/Src/stm32f4xx_it.o
 .debug_frame   0x000000000000030c       0x58 ./Core/Src/system_stm32f4xx.o
 .debug_frame   0x0000000000000364      0x374 ./Drivers/STM32F4xx_HAL_Driver/Src/stm32f4xx_hal.o
 .debug_frame   0x00000000000006d8      0x498 ./Drivers/STM32F4xx_HAL_Driver/Src/stm32f4xx_hal_cortex.o
 .debug_frame   0x0000000000000b70      0x14c ./Drivers/STM32F4xx_HAL_Driver/Src/stm32f4xx_hal_gpio.o
 .debug_frame   0x0000000000000cbc      0x1f4 ./Drivers/STM32F4xx_HAL_Driver/Src/stm32f4xx_hal_rcc.o
 .debug_frame   0x0000000000000eb0     0x11c4 ./Drivers/STM32F4xx_HAL_Driver/Src/stm32f4xx_hal_tim.o
 .debug_frame   0x0000000000002074      0x638 ./Drivers/STM32F4xx_HAL_Driver/Src/stm32f4xx_hal_tim_ex.o
 .debug_frame   0x00000000000026ac      0x92c ./Drivers/STM32F4xx_HAL_Driver/Src/stm32f4xx_hal_uart.o
 .debug_frame   0x0000000000002fd8       0xd8 ./FreeRTOS/list.o
 .debug_frame   0x00000000000030b0      0x530 ./FreeRTOS/queue.o
 .debug_frame   0x00000000000035e0      0x8f0 ./FreeRTOS/tasks.o
 .debug_frame   0x0000000000003ed0      0x368 ./FreeRTOS/timers.o
 .debug_frame   0x0000000000004238      0x1a8 ./FreeRTOS/portable/ARM_CM4F/port.o
 .debug_frame   0x00000000000043e0      0x108 ./FreeRTOS/portable/MemMang/heap_4.o
 .debug_frame   0x00000000000044e8       0x2c c:/st/stm32cubeide_1.11.0/stm32cubeide/plugins/com.st.stm32cube.ide.mcu.externaltools.gnu-tools-for-stm32.10.3-2021.10.win32_1.0.100.202210260954/tools/bin/../lib/gcc/arm-none-eabi/10.3.1/../../../../arm-none-eabi/lib/thumb/v7e-m+fp/hard\libc_nano.a(lib_a-init.o)
 .debug_frame   0x0000000000004514       0x28 c:/st/stm32cubeide_1.11.0/stm32cubeide/plugins/com.st.stm32cube.ide.mcu.externaltools.gnu-tools-for-stm32.10.3-2021.10.win32_1.0.100.202210260954/tools/bin/../lib/gcc/arm-none-eabi/10.3.1/../../../../arm-none-eabi/lib/thumb/v7e-m+fp/hard\libc_nano.a(lib_a-memcpy-stub.o)
 .debug_frame   0x000000000000453c       0x20 c:/st/stm32cubeide_1.11.0/stm32cubeide/plugins/com.st.stm32cube.ide.mcu.externaltools.gnu-tools-for-stm32.10.3-2021.10.win32_1.0.100.202210260954/tools/bin/../lib/gcc/arm-none-eabi/10.3.1/../../../../arm-none-eabi/lib/thumb/v7e-m+fp/hard\libc_nano.a(lib_a-memset.o)
 .debug_frame   0x000000000000455c       0x28 c:/st/stm32cubeide_1.11.0/stm32cubeide/plugins/com.st.stm32cube.ide.mcu.externaltools.gnu-tools-for-stm32.10.3-2021.10.win32_1.0.100.202210260954/tools/bin/../lib/gcc/arm-none-eabi/10.3.1/../../../../arm-none-eabi/lib/thumb/v7e-m+fp/hard\libc_nano.a(lib_a-strcat.o)
 .debug_frame   0x0000000000004584       0x2c c:/st/stm32cubeide_1.11.0/stm32cubeide/plugins/com.st.stm32cube.ide.mcu.externaltools.gnu-tools-for-stm32.10.3-2021.10.win32_1.0.100.202210260954/tools/bin/../lib/gcc/arm-none-eabi/10.3.1/thumb/v7e-m+fp/hard\libgcc.a(_aeabi_uldivmod.o)
 .debug_frame   0x00000000000045b0       0x34 c:/st/stm32cubeide_1.11.0/stm32cubeide/plugins/com.st.stm32cube.ide.mcu.externaltools.gnu-tools-for-stm32.10.3-2021.10.win32_1.0.100.202210260954/tools/bin/../lib/gcc/arm-none-eabi/10.3.1/thumb/v7e-m+fp/hard\libgcc.a(_udivmoddi4.o)
