../Core/Src/main.c:113:6:TaskMonitor_App	24	static
../Core/Src/main.c:123:6:Red_LED_APP	24	static
../Core/Src/main.c:132:6:Green_LED_APP	24	static
../Core/Src/main.c:141:6:Delay_APP	24	static
../Core/Src/main.c:162:5:main	16	static
../Core/Src/main.c:244:6:SystemClock_Config	88	static
../Core/Src/main.c:289:13:MX_USART2_UART_Init	8	static
../Core/Src/main.c:322:13:MX_GPIO_Init	56	static
../Core/Src/main.c:467:6:HAL_TIM_PeriodElapsedCallback	16	static
../Core/Src/main.c:484:6:Error_Handler	4	static,ignoring_inline_asm
